Archive member included because of file (symbol)

/usr/lib/gcc/avr/4.3.3/avr5/libgcc.a(_udivmodhi4.o)
                              ./src/SnakeGame.o (__udivmodhi4)
/usr/lib/gcc/avr/4.3.3/avr5/libgcc.a(_divmodhi4.o)
                              ./src/SnakeGame.o (__divmodhi4)
/usr/lib/gcc/avr/4.3.3/avr5/libgcc.a(_exit.o)
                              /usr/lib/gcc/avr/4.3.3/../../../avr/lib/avr5/crtm32.o (exit)
/usr/lib/gcc/avr/4.3.3/avr5/libgcc.a(_copy_data.o)
                              ./src/SnakeGame.o (__do_copy_data)
/usr/lib/gcc/avr/4.3.3/avr5/libgcc.a(_clear_bss.o)
                              ./src/SnakeGame.o (__do_clear_bss)
/usr/lib/gcc/avr/4.3.3/avr5/libgcc.a(_fixunssfsi.o)
                              ./src/SnakeGame.o (__fixunssfsi)
/usr/lib/gcc/avr/4.3.3/avr5/libgcc.a(_addsub_sf.o)
                              /usr/lib/gcc/avr/4.3.3/avr5/libgcc.a(_fixunssfsi.o) (__subsf3)
/usr/lib/gcc/avr/4.3.3/avr5/libgcc.a(_mul_sf.o)
                              ./src/algorithm.o (__mulsf3)
/usr/lib/gcc/avr/4.3.3/avr5/libgcc.a(_div_sf.o)
                              ./src/SnakeGame.o (__divsf3)
/usr/lib/gcc/avr/4.3.3/avr5/libgcc.a(_gt_sf.o)
                              ./src/algorithm.o (__gtsf2)
/usr/lib/gcc/avr/4.3.3/avr5/libgcc.a(_ge_sf.o)
                              /usr/lib/gcc/avr/4.3.3/avr5/libgcc.a(_fixunssfsi.o) (__gesf2)
/usr/lib/gcc/avr/4.3.3/avr5/libgcc.a(_lt_sf.o)
                              ./src/algorithm.o (__ltsf2)
/usr/lib/gcc/avr/4.3.3/avr5/libgcc.a(_si_to_sf.o)
                              ./src/SnakeGame.o (__floatsisf)
/usr/lib/gcc/avr/4.3.3/avr5/libgcc.a(_sf_to_si.o)
                              /usr/lib/gcc/avr/4.3.3/avr5/libgcc.a(_fixunssfsi.o) (__fixsfsi)
/usr/lib/gcc/avr/4.3.3/avr5/libgcc.a(_thenan_sf.o)
                              /usr/lib/gcc/avr/4.3.3/avr5/libgcc.a(_addsub_sf.o) (__thenan_sf)
/usr/lib/gcc/avr/4.3.3/avr5/libgcc.a(_usi_to_sf.o)
                              ./src/algorithm.o (__floatunsisf)
/usr/lib/gcc/avr/4.3.3/avr5/libgcc.a(_prologue.o)
                              /usr/lib/gcc/avr/4.3.3/avr5/libgcc.a(_addsub_sf.o) (__prologue_saves__)
/usr/lib/gcc/avr/4.3.3/avr5/libgcc.a(_epilogue.o)
                              /usr/lib/gcc/avr/4.3.3/avr5/libgcc.a(_addsub_sf.o) (__epilogue_restores__)
/usr/lib/gcc/avr/4.3.3/avr5/libgcc.a(_clzsi2.o)
                              /usr/lib/gcc/avr/4.3.3/avr5/libgcc.a(_si_to_sf.o) (__clzsi2)
/usr/lib/gcc/avr/4.3.3/avr5/libgcc.a(_pack_sf.o)
                              /usr/lib/gcc/avr/4.3.3/avr5/libgcc.a(_addsub_sf.o) (__pack_f)
/usr/lib/gcc/avr/4.3.3/avr5/libgcc.a(_unpack_sf.o)
                              /usr/lib/gcc/avr/4.3.3/avr5/libgcc.a(_addsub_sf.o) (__unpack_f)
/usr/lib/gcc/avr/4.3.3/avr5/libgcc.a(_fpcmp_parts_sf.o)
                              /usr/lib/gcc/avr/4.3.3/avr5/libgcc.a(_gt_sf.o) (__fpcmp_parts_f)
/usr/lib/gcc/avr/4.3.3/avr5/libgcc.a(_clz.o)
                              /usr/lib/gcc/avr/4.3.3/avr5/libgcc.a(_clzsi2.o) (__clz_tab)
/usr/lib/gcc/avr/4.3.3/../../../avr/lib/avr5/libc.a(rand.o)
                              ./src/SnakeGame.o (rand)
/usr/lib/gcc/avr/4.3.3/avr5/libgcc.a(_mulsi3.o)
                              /usr/lib/gcc/avr/4.3.3/../../../avr/lib/avr5/libc.a(rand.o) (__mulsi3)
/usr/lib/gcc/avr/4.3.3/avr5/libgcc.a(_divmodsi4.o)
                              /usr/lib/gcc/avr/4.3.3/../../../avr/lib/avr5/libc.a(rand.o) (__divmodsi4)
/usr/lib/gcc/avr/4.3.3/avr5/libgcc.a(_udivmodsi4.o)
                              /usr/lib/gcc/avr/4.3.3/avr5/libgcc.a(_divmodsi4.o) (__udivmodsi4)

Allocating common symbols
Common symbol       size              file

menu_now_atomic     0x2               ./src/lcd/lcd_nokia_menu.o
menu_now            0x2               ./src/lcd/lcd_nokia_menu.o

Memory Configuration

Name             Origin             Length             Attributes
text             0x00000000         0x00020000         xr
data             0x00800060         0x0000ffa0         rw !x
eeprom           0x00810000         0x00010000         rw !x
fuse             0x00820000         0x00000400         rw !x
lock             0x00830000         0x00000400         rw !x
signature        0x00840000         0x00000400         rw !x
*default*        0x00000000         0xffffffff

Linker script and memory map

LOAD /usr/lib/gcc/avr/4.3.3/../../../avr/lib/avr5/crtm32.o
LOAD ./src/SnakeGame.o
LOAD ./src/algorithm.o
LOAD ./src/debug.o
LOAD ./src/led_driver.o
LOAD ./src/main.o
LOAD ./src/uint8_16_to_string.o
LOAD ./src/lcd/lcd_nokia_3310_frm_brunql.o
LOAD ./src/lcd/lcd_nokia_menu.o
LOAD /usr/lib/gcc/avr/4.3.3/avr5/libgcc.a
LOAD /usr/lib/gcc/avr/4.3.3/../../../avr/lib/avr5/libm.a
LOAD /usr/lib/gcc/avr/4.3.3/avr5/libgcc.a
LOAD /usr/lib/gcc/avr/4.3.3/../../../avr/lib/avr5/libc.a
LOAD /usr/lib/gcc/avr/4.3.3/avr5/libgcc.a

.hash
 *(.hash)

.dynsym
 *(.dynsym)

.dynstr
 *(.dynstr)

.gnu.version
 *(.gnu.version)

.gnu.version_d
 *(.gnu.version_d)

.gnu.version_r
 *(.gnu.version_r)

.rel.init
 *(.rel.init)

.rela.init
 *(.rela.init)

.rel.text
 *(.rel.text)
 *(.rel.text.*)
 *(.rel.gnu.linkonce.t*)

.rela.text
 *(.rela.text)
 *(.rela.text.*)
 *(.rela.gnu.linkonce.t*)

.rel.fini
 *(.rel.fini)

.rela.fini
 *(.rela.fini)

.rel.rodata
 *(.rel.rodata)
 *(.rel.rodata.*)
 *(.rel.gnu.linkonce.r*)

.rela.rodata
 *(.rela.rodata)
 *(.rela.rodata.*)
 *(.rela.gnu.linkonce.r*)

.rel.data
 *(.rel.data)
 *(.rel.data.*)
 *(.rel.gnu.linkonce.d*)

.rela.data
 *(.rela.data)
 *(.rela.data.*)
 *(.rela.gnu.linkonce.d*)

.rel.ctors
 *(.rel.ctors)

.rela.ctors
 *(.rela.ctors)

.rel.dtors
 *(.rel.dtors)

.rela.dtors
 *(.rela.dtors)

.rel.got
 *(.rel.got)

.rela.got
 *(.rela.got)

.rel.bss
 *(.rel.bss)

.rela.bss
 *(.rela.bss)

.rel.plt
 *(.rel.plt)

.rela.plt
 *(.rela.plt)

.text           0x00000000     0x332e
 *(.vectors)
 .vectors       0x00000000       0x54 /usr/lib/gcc/avr/4.3.3/../../../avr/lib/avr5/crtm32.o
                0x00000000                __vectors
                0x00000000                __vector_default
 *(.vectors)
 *(.progmem.gcc*)
 *(.progmem*)
 .progmem.data  0x00000054      0x3bf ./src/lcd/lcd_nokia_3310_frm_brunql.o
                0x0000026f                LcdImage_Center
                0x0000021b                LcdImage_Upper
                0x000003bf                LcdImage_brunql_gmail_com
                0x00000054                FontLookup
                0x00000414                . = ALIGN (0x2)
 *fill*         0x00000413        0x1 00
                0x00000414                __trampolines_start = .
 *(.trampolines)
 .trampolines   0x00000414        0x0 linker stubs
 *(.trampolines*)
                0x00000414                __trampolines_end = .
 *(.jumptables)
 *(.jumptables*)
 *(.lowtext)
 *(.lowtext*)
                0x00000414                __ctors_start = .
 *(.ctors)
                0x00000414                __ctors_end = .
                0x00000414                __dtors_start = .
 *(.dtors)
                0x00000414                __dtors_end = .
 SORT(*)(.ctors)
 SORT(*)(.dtors)
 *(.init0)
 .init0         0x00000414        0x0 /usr/lib/gcc/avr/4.3.3/../../../avr/lib/avr5/crtm32.o
                0x00000414                __init
 *(.init0)
 *(.init1)
 *(.init1)
 *(.init2)
 .init2         0x00000414        0xc /usr/lib/gcc/avr/4.3.3/../../../avr/lib/avr5/crtm32.o
 *(.init2)
 *(.init3)
 *(.init3)
 *(.init4)
 .init4         0x00000420       0x16 /usr/lib/gcc/avr/4.3.3/avr5/libgcc.a(_copy_data.o)
                0x00000420                __do_copy_data
 .init4         0x00000436       0x10 /usr/lib/gcc/avr/4.3.3/avr5/libgcc.a(_clear_bss.o)
                0x00000436                __do_clear_bss
 *(.init4)
 *(.init5)
 *(.init5)
 *(.init6)
 *(.init6)
 *(.init7)
 *(.init7)
 *(.init8)
 *(.init8)
 *(.init9)
 .init9         0x00000446        0x8 /usr/lib/gcc/avr/4.3.3/../../../avr/lib/avr5/crtm32.o
 *(.init9)
 *(.text)
 .text          0x0000044e        0x4 /usr/lib/gcc/avr/4.3.3/../../../avr/lib/avr5/crtm32.o
                0x0000044e                __vector_1
                0x0000044e                __vector_12
                0x0000044e                __bad_interrupt
                0x0000044e                __vector_6
                0x0000044e                __vector_3
                0x0000044e                __vector_11
                0x0000044e                __vector_13
                0x0000044e                __vector_17
                0x0000044e                __vector_19
                0x0000044e                __vector_7
                0x0000044e                __vector_4
                0x0000044e                __vector_9
                0x0000044e                __vector_15
                0x0000044e                __vector_8
                0x0000044e                __vector_14
                0x0000044e                __vector_10
                0x0000044e                __vector_16
                0x0000044e                __vector_18
                0x0000044e                __vector_20
 .text          0x00000452      0x4f8 ./src/SnakeGame.o
                0x00000488                SnakeGame_TurnLeft
                0x000006fe                SnakeGame_Start
                0x00000518                snakegame_UpdateDisplay
                0x000004b4                snakegame_DirectionStep
                0x00000486                SnakeGame_Stop
                0x0000049e                SnakeGame_TurnRight
                0x00000452                snakegame_InitSnake
                0x00000754                SnakeGame_TakeNextStep
                0x000006d8                SnakeGame_AddmeUpdateXY
 .text          0x0000094a      0x464 ./src/algorithm.o
                0x00000b7c                ADC_LoadingAndEvalIt
                0x00000a6e                CalibrationAlgorithm
                0x0000094a                hex2dec_result
                0x00000a24                MeasureAllAlgorithm
                0x000009a8                ADC_N_Times
                0x00000a88                SaveMeasureResultsToCalibrate
 .text          0x00000dae       0x46 ./src/debug.o
                0x00000dae                uart_initialize
                0x00000dd8                uart_putstring_P
                0x00000dc0                uart_putchar
 .text          0x00000df4       0xbc ./src/led_driver.o
                0x00000e66                LedDriver_Init
                0x00000e7a                LedDriver_Switch_3_Leds
                0x00000e30                LedDriver_PWM
                0x00000df4                LedDriver_SwitchLeds
 .text          0x00000eb0      0x8d2 ./src/main.o
                0x00000eb0                __vector_5
                0x000013d0                main
                0x00000f28                __vector_2
                0x000010e2                DebugSendAllResultValues
 .text          0x00001782       0xfe ./src/uint8_16_to_string.o
                0x000017e6                UInt16ToString
                0x0000179c                UInt8ToString
                0x00001782                HalfByteAsASCII
 .text          0x00001880      0x5ac ./src/lcd/lcd_nokia_3310_frm_brunql.o
                0x00001b5c                Lcd3310_GotoXY
                0x00001d88                Lcd3310_Send
                0x00001dda                Lcd3310_UInt16AsText_3Chars
                0x00001986                Lcd3310_String_P_Anime
                0x00001bc2                Lcd3310_InitFill
                0x00001e0c                Lcd3310_UInt8AsText
                0x00001922                Lcd3310_String_P
                0x00001880                Lcd3310_Char
                0x00001d9e                Lcd3310_UInt16AsText
                0x00001b8a                Lcd3310_ClearCenter
                0x00001c34                Lcd3310_Init
 .text          0x00001e2c      0x470 ./src/lcd/lcd_nokia_menu.o
                0x00001e2c                init_menu_now
                0x000021c0                Menu_EnterClick
                0x00001e3a                Lcd3310_UpdateDisplayInfo
                0x0000208c                Lcd3310_AnimationSwitchMenuItems
                0x000021aa                Lcd3310_InitializeDisplay
 .text          0x0000229c        0x0 /usr/lib/gcc/avr/4.3.3/avr5/libgcc.a(_udivmodhi4.o)
 .text          0x0000229c        0x0 /usr/lib/gcc/avr/4.3.3/avr5/libgcc.a(_divmodhi4.o)
 .text          0x0000229c        0x0 /usr/lib/gcc/avr/4.3.3/avr5/libgcc.a(_exit.o)
 .text          0x0000229c        0x0 /usr/lib/gcc/avr/4.3.3/avr5/libgcc.a(_copy_data.o)
 .text          0x0000229c        0x0 /usr/lib/gcc/avr/4.3.3/avr5/libgcc.a(_clear_bss.o)
 .text          0x0000229c       0x58 /usr/lib/gcc/avr/4.3.3/avr5/libgcc.a(_fixunssfsi.o)
                0x0000229c                __fixunssfsi
 .text          0x000022f4      0x354 /usr/lib/gcc/avr/4.3.3/avr5/libgcc.a(_addsub_sf.o)
                0x0000258c                __subsf3
                0x000025ee                __addsf3
 .text          0x00002648      0x1f4 /usr/lib/gcc/avr/4.3.3/avr5/libgcc.a(_mul_sf.o)
                0x00002648                __mulsf3
 .text          0x0000283c      0x158 /usr/lib/gcc/avr/4.3.3/avr5/libgcc.a(_div_sf.o)
                0x0000283c                __divsf3
 .text          0x00002994       0x60 /usr/lib/gcc/avr/4.3.3/avr5/libgcc.a(_gt_sf.o)
                0x00002994                __gtsf2
 .text          0x000029f4       0x60 /usr/lib/gcc/avr/4.3.3/avr5/libgcc.a(_ge_sf.o)
                0x000029f4                __gesf2
 .text          0x00002a54       0x60 /usr/lib/gcc/avr/4.3.3/avr5/libgcc.a(_lt_sf.o)
                0x00002a54                __ltsf2
 .text          0x00002ab4       0xbc /usr/lib/gcc/avr/4.3.3/avr5/libgcc.a(_si_to_sf.o)
                0x00002ab4                __floatsisf
 .text          0x00002b70       0xa8 /usr/lib/gcc/avr/4.3.3/avr5/libgcc.a(_sf_to_si.o)
                0x00002b70                __fixsfsi
 .text          0x00002c18        0x0 /usr/lib/gcc/avr/4.3.3/avr5/libgcc.a(_thenan_sf.o)
 .text          0x00002c18       0xf2 /usr/lib/gcc/avr/4.3.3/avr5/libgcc.a(_usi_to_sf.o)
                0x00002c18                __floatunsisf
 .text          0x00002d0a        0x0 /usr/lib/gcc/avr/4.3.3/avr5/libgcc.a(_prologue.o)
 .text          0x00002d0a        0x0 /usr/lib/gcc/avr/4.3.3/avr5/libgcc.a(_epilogue.o)
 .text          0x00002d0a       0x9e /usr/lib/gcc/avr/4.3.3/avr5/libgcc.a(_clzsi2.o)
                0x00002d0a                __clzsi2
 .text          0x00002da8      0x1aa /usr/lib/gcc/avr/4.3.3/avr5/libgcc.a(_pack_sf.o)
                0x00002da8                __pack_f
 .text          0x00002f52       0xf0 /usr/lib/gcc/avr/4.3.3/avr5/libgcc.a(_unpack_sf.o)
                0x00002f52                __unpack_f
 .text          0x00003042       0xb2 /usr/lib/gcc/avr/4.3.3/avr5/libgcc.a(_fpcmp_parts_sf.o)
                0x00003042                __fpcmp_parts_f
 .text          0x000030f4        0x0 /usr/lib/gcc/avr/4.3.3/avr5/libgcc.a(_clz.o)
 .text          0x000030f4       0xc2 /usr/lib/gcc/avr/4.3.3/../../../avr/lib/avr5/libc.a(rand.o)
                0x00003190                rand_r
                0x00003196                rand
                0x000031a0                srand
 .text          0x000031b6        0x0 /usr/lib/gcc/avr/4.3.3/avr5/libgcc.a(_mulsi3.o)
 .text          0x000031b6        0x0 /usr/lib/gcc/avr/4.3.3/avr5/libgcc.a(_divmodsi4.o)
 .text          0x000031b6        0x0 /usr/lib/gcc/avr/4.3.3/avr5/libgcc.a(_udivmodsi4.o)
                0x000031b6                . = ALIGN (0x2)
 *(.text.*)
 .text.libgcc   0x000031b6       0x28 /usr/lib/gcc/avr/4.3.3/avr5/libgcc.a(_udivmodhi4.o)
                0x000031b6                __udivmodhi4
 .text.libgcc   0x000031de       0x26 /usr/lib/gcc/avr/4.3.3/avr5/libgcc.a(_divmodhi4.o)
                0x000031de                __divmodhi4
                0x000031de                _div
 .text.libgcc   0x00003204        0x0 /usr/lib/gcc/avr/4.3.3/avr5/libgcc.a(_exit.o)
 .text.libgcc   0x00003204        0x0 /usr/lib/gcc/avr/4.3.3/avr5/libgcc.a(_copy_data.o)
 .text.libgcc   0x00003204        0x0 /usr/lib/gcc/avr/4.3.3/avr5/libgcc.a(_clear_bss.o)
 .text.libgcc   0x00003204       0x38 /usr/lib/gcc/avr/4.3.3/avr5/libgcc.a(_prologue.o)
                0x00003204                __prologue_saves__
 .text.libgcc   0x0000323c       0x36 /usr/lib/gcc/avr/4.3.3/avr5/libgcc.a(_epilogue.o)
                0x0000323c                __epilogue_restores__
 .text.libgcc   0x00003272       0x3e /usr/lib/gcc/avr/4.3.3/avr5/libgcc.a(_mulsi3.o)
                0x00003272                __mulsi3
 .text.libgcc   0x000032b0       0x36 /usr/lib/gcc/avr/4.3.3/avr5/libgcc.a(_divmodsi4.o)
                0x000032b0                __divmodsi4
 .text.libgcc   0x000032e6       0x44 /usr/lib/gcc/avr/4.3.3/avr5/libgcc.a(_udivmodsi4.o)
                0x000032e6                __udivmodsi4
                0x0000332a                . = ALIGN (0x2)
 *(.fini9)
 .fini9         0x0000332a        0x0 /usr/lib/gcc/avr/4.3.3/avr5/libgcc.a(_exit.o)
                0x0000332a                exit
                0x0000332a                _exit
 *(.fini9)
 *(.fini8)
 *(.fini8)
 *(.fini7)
 *(.fini7)
 *(.fini6)
 *(.fini6)
 *(.fini5)
 *(.fini5)
 *(.fini4)
 *(.fini4)
 *(.fini3)
 *(.fini3)
 *(.fini2)
 *(.fini2)
 *(.fini1)
 *(.fini1)
 *(.fini0)
 .fini0         0x0000332a        0x4 /usr/lib/gcc/avr/4.3.3/avr5/libgcc.a(_exit.o)
 *(.fini0)
                0x0000332e                _etext = .

.data           0x00800060      0x2f0 load address 0x0000332e
                0x00800060                PROVIDE (__data_start, .)
 *(.data)
 .data          0x00800060        0x0 /usr/lib/gcc/avr/4.3.3/../../../avr/lib/avr5/crtm32.o
 .data          0x00800060       0x75 ./src/SnakeGame.o
                0x008000b7                snake
                0x008000b4                get_present_speed
                0x0080009c                got_fun_str
                0x008000b6                addme_y
                0x008000b1                brunql_str
                0x0080006f                snake_str
                0x00800086                score_str
                0x008000b5                addme_x
                0x008000a7                go_work_str
                0x008000b3                step_speed
                0x0080007a                uwin_str
                0x00800091                level_str
 .data          0x008000d5       0x2e ./src/algorithm.o
                0x008000d5                max_diff
                0x00800100                pstr_please_wait
                0x00800102                measure_delay
                0x008000d7                led_show_codes
                0x008000ef                pstr_complete
 .data          0x00800103        0x0 ./src/debug.o
 .data          0x00800103        0x0 ./src/led_driver.o
 .data          0x00800103        0x1 ./src/main.o
                0x00800103                timer_ticks_to_get_present
 .data          0x00800104        0x0 ./src/uint8_16_to_string.o
 .data          0x00800104        0x0 ./src/lcd/lcd_nokia_3310_frm_brunql.o
 .data          0x00800104      0x140 ./src/lcd/lcd_nokia_menu.o
                0x00800173                snake_results
                0x008001a7                set_measure_delay
                0x00800114                lcd_first_str
                0x00800125                go
                0x00800239                text
                0x0080013f                results
                0x00800159                snake_start
                0x008001c1                calibration
                0x0080018d                setup
                0x008001f5                readme
                0x00800104                menu_before_now
                0x008001db                back_setup
 .data          0x00800244        0x0 /usr/lib/gcc/avr/4.3.3/avr5/libgcc.a(_udivmodhi4.o)
 .data          0x00800244        0x0 /usr/lib/gcc/avr/4.3.3/avr5/libgcc.a(_divmodhi4.o)
 .data          0x00800244        0x0 /usr/lib/gcc/avr/4.3.3/avr5/libgcc.a(_exit.o)
 .data          0x00800244        0x0 /usr/lib/gcc/avr/4.3.3/avr5/libgcc.a(_copy_data.o)
 .data          0x00800244        0x0 /usr/lib/gcc/avr/4.3.3/avr5/libgcc.a(_clear_bss.o)
 .data          0x00800244        0x0 /usr/lib/gcc/avr/4.3.3/avr5/libgcc.a(_fixunssfsi.o)
 .data          0x00800244        0x0 /usr/lib/gcc/avr/4.3.3/avr5/libgcc.a(_addsub_sf.o)
 .data          0x00800244        0x0 /usr/lib/gcc/avr/4.3.3/avr5/libgcc.a(_mul_sf.o)
 .data          0x00800244        0x0 /usr/lib/gcc/avr/4.3.3/avr5/libgcc.a(_div_sf.o)
 .data          0x00800244        0x0 /usr/lib/gcc/avr/4.3.3/avr5/libgcc.a(_gt_sf.o)
 .data          0x00800244        0x0 /usr/lib/gcc/avr/4.3.3/avr5/libgcc.a(_ge_sf.o)
 .data          0x00800244        0x0 /usr/lib/gcc/avr/4.3.3/avr5/libgcc.a(_lt_sf.o)
 .data          0x00800244        0x0 /usr/lib/gcc/avr/4.3.3/avr5/libgcc.a(_si_to_sf.o)
 .data          0x00800244        0x0 /usr/lib/gcc/avr/4.3.3/avr5/libgcc.a(_sf_to_si.o)
 .data          0x00800244        0x8 /usr/lib/gcc/avr/4.3.3/avr5/libgcc.a(_thenan_sf.o)
                0x00800244                __thenan_sf
 .data          0x0080024c        0x0 /usr/lib/gcc/avr/4.3.3/avr5/libgcc.a(_usi_to_sf.o)
 .data          0x0080024c        0x0 /usr/lib/gcc/avr/4.3.3/avr5/libgcc.a(_prologue.o)
 .data          0x0080024c        0x0 /usr/lib/gcc/avr/4.3.3/avr5/libgcc.a(_epilogue.o)
 .data          0x0080024c        0x0 /usr/lib/gcc/avr/4.3.3/avr5/libgcc.a(_clzsi2.o)
 .data          0x0080024c        0x0 /usr/lib/gcc/avr/4.3.3/avr5/libgcc.a(_pack_sf.o)
 .data          0x0080024c        0x0 /usr/lib/gcc/avr/4.3.3/avr5/libgcc.a(_unpack_sf.o)
 .data          0x0080024c        0x0 /usr/lib/gcc/avr/4.3.3/avr5/libgcc.a(_fpcmp_parts_sf.o)
 .data          0x0080024c      0x100 /usr/lib/gcc/avr/4.3.3/avr5/libgcc.a(_clz.o)
                0x0080024c                __clz_tab
 .data          0x0080034c        0x4 /usr/lib/gcc/avr/4.3.3/../../../avr/lib/avr5/libc.a(rand.o)
 .data          0x00800350        0x0 /usr/lib/gcc/avr/4.3.3/avr5/libgcc.a(_mulsi3.o)
 .data          0x00800350        0x0 /usr/lib/gcc/avr/4.3.3/avr5/libgcc.a(_divmodsi4.o)
 .data          0x00800350        0x0 /usr/lib/gcc/avr/4.3.3/avr5/libgcc.a(_udivmodsi4.o)
 *(.data*)
 *(.rodata)
 *(.rodata*)
 *(.gnu.linkonce.d*)
                0x00800350                . = ALIGN (0x2)
                0x00800350                _edata = .
                0x00800350                PROVIDE (__data_end, .)

.bss            0x00800350       0x3f load address 0x0000361e
                0x00800350                PROVIDE (__bss_start, .)
 *(.bss)
 .bss           0x00800350        0x0 /usr/lib/gcc/avr/4.3.3/../../../avr/lib/avr5/crtm32.o
 .bss           0x00800350        0x3 ./src/SnakeGame.o
                0x00800352                snake_add_index
                0x00800351                score
                0x00800350                uwin_times
 .bss           0x00800353       0x2c ./src/algorithm.o
                0x0080037d                adc_data
                0x00800353                result
 .bss           0x0080037f        0x0 ./src/debug.o
 .bss           0x0080037f        0x0 ./src/led_driver.o
 .bss           0x0080037f        0x6 ./src/main.o
                0x00800381                atomic_flags
                0x00800384                timer_delay
                0x00800383                atomic_temp
                0x0080037f                flags
 .bss           0x00800385        0x4 ./src/uint8_16_to_string.o
                0x00800385                to_string_result
 .bss           0x00800389        0x2 ./src/lcd/lcd_nokia_3310_frm_brunql.o
                0x00800389                Lcd3310_Index
 .bss           0x0080038b        0x0 ./src/lcd/lcd_nokia_menu.o
 .bss           0x0080038b        0x0 /usr/lib/gcc/avr/4.3.3/avr5/libgcc.a(_udivmodhi4.o)
 .bss           0x0080038b        0x0 /usr/lib/gcc/avr/4.3.3/avr5/libgcc.a(_divmodhi4.o)
 .bss           0x0080038b        0x0 /usr/lib/gcc/avr/4.3.3/avr5/libgcc.a(_exit.o)
 .bss           0x0080038b        0x0 /usr/lib/gcc/avr/4.3.3/avr5/libgcc.a(_copy_data.o)
 .bss           0x0080038b        0x0 /usr/lib/gcc/avr/4.3.3/avr5/libgcc.a(_clear_bss.o)
 .bss           0x0080038b        0x0 /usr/lib/gcc/avr/4.3.3/avr5/libgcc.a(_fixunssfsi.o)
 .bss           0x0080038b        0x0 /usr/lib/gcc/avr/4.3.3/avr5/libgcc.a(_addsub_sf.o)
 .bss           0x0080038b        0x0 /usr/lib/gcc/avr/4.3.3/avr5/libgcc.a(_mul_sf.o)
 .bss           0x0080038b        0x0 /usr/lib/gcc/avr/4.3.3/avr5/libgcc.a(_div_sf.o)
 .bss           0x0080038b        0x0 /usr/lib/gcc/avr/4.3.3/avr5/libgcc.a(_gt_sf.o)
 .bss           0x0080038b        0x0 /usr/lib/gcc/avr/4.3.3/avr5/libgcc.a(_ge_sf.o)
 .bss           0x0080038b        0x0 /usr/lib/gcc/avr/4.3.3/avr5/libgcc.a(_lt_sf.o)
 .bss           0x0080038b        0x0 /usr/lib/gcc/avr/4.3.3/avr5/libgcc.a(_si_to_sf.o)
 .bss           0x0080038b        0x0 /usr/lib/gcc/avr/4.3.3/avr5/libgcc.a(_sf_to_si.o)
 .bss           0x0080038b        0x0 /usr/lib/gcc/avr/4.3.3/avr5/libgcc.a(_thenan_sf.o)
 .bss           0x0080038b        0x0 /usr/lib/gcc/avr/4.3.3/avr5/libgcc.a(_usi_to_sf.o)
 .bss           0x0080038b        0x0 /usr/lib/gcc/avr/4.3.3/avr5/libgcc.a(_prologue.o)
 .bss           0x0080038b        0x0 /usr/lib/gcc/avr/4.3.3/avr5/libgcc.a(_epilogue.o)
 .bss           0x0080038b        0x0 /usr/lib/gcc/avr/4.3.3/avr5/libgcc.a(_clzsi2.o)
 .bss           0x0080038b        0x0 /usr/lib/gcc/avr/4.3.3/avr5/libgcc.a(_pack_sf.o)
 .bss           0x0080038b        0x0 /usr/lib/gcc/avr/4.3.3/avr5/libgcc.a(_unpack_sf.o)
 .bss           0x0080038b        0x0 /usr/lib/gcc/avr/4.3.3/avr5/libgcc.a(_fpcmp_parts_sf.o)
 .bss           0x0080038b        0x0 /usr/lib/gcc/avr/4.3.3/avr5/libgcc.a(_clz.o)
 .bss           0x0080038b        0x0 /usr/lib/gcc/avr/4.3.3/../../../avr/lib/avr5/libc.a(rand.o)
 .bss           0x0080038b        0x0 /usr/lib/gcc/avr/4.3.3/avr5/libgcc.a(_mulsi3.o)
 .bss           0x0080038b        0x0 /usr/lib/gcc/avr/4.3.3/avr5/libgcc.a(_divmodsi4.o)
 .bss           0x0080038b        0x0 /usr/lib/gcc/avr/4.3.3/avr5/libgcc.a(_udivmodsi4.o)
 *(.bss*)
 *(COMMON)
 COMMON         0x0080038b        0x4 ./src/lcd/lcd_nokia_menu.o
                0x0080038b                menu_now_atomic
                0x0080038d                menu_now
                0x0080038f                PROVIDE (__bss_end, .)
                0x0000332e                __data_load_start = LOADADDR (.data)
                0x0000361e                __data_load_end = (__data_load_start + SIZEOF (.data))

.noinit         0x0080038f        0x0
                0x0080038f                PROVIDE (__noinit_start, .)
 *(.noinit*)
                0x0080038f                PROVIDE (__noinit_end, .)
                0x0080038f                _end = .
                0x0080038f                PROVIDE (__heap_start, .)

.eeprom         0x00810000        0x0
 *(.eeprom*)
                0x00810000                __eeprom_end = .

.fuse
 *(.fuse)
 *(.lfuse)
 *(.hfuse)
 *(.efuse)

.lock
 *(.lock*)

.signature
 *(.signature*)

.stab           0x00000000     0x5d00
 *(.stab)
 .stab          0x00000000      0x6b4 /usr/lib/gcc/avr/4.3.3/../../../avr/lib/avr5/crtm32.o
 .stab          0x000006b4      0xc54 ./src/SnakeGame.o
                                0xc60 (size before relaxing)
 .stab          0x00001308      0xa98 ./src/algorithm.o
                                0xd2c (size before relaxing)
 .stab          0x00001da0      0x27c ./src/debug.o
                                0x4e0 (size before relaxing)
 .stab          0x0000201c      0x360 ./src/led_driver.o
                                0x51c (size before relaxing)
 .stab          0x0000237c     0x15f0 ./src/main.o
                               0x189c (size before relaxing)
 .stab          0x0000396c      0x468 ./src/uint8_16_to_string.o
                                0x624 (size before relaxing)
 .stab          0x00003dd4     0x10d4 ./src/lcd/lcd_nokia_3310_frm_brunql.o
                               0x13bc (size before relaxing)
 .stab          0x00004ea8      0xb28 ./src/lcd/lcd_nokia_menu.o
                                0xe04 (size before relaxing)
 .stab          0x000059d0      0x330 /usr/lib/gcc/avr/4.3.3/../../../avr/lib/avr5/libc.a(rand.o)
                                0x33c (size before relaxing)

.stabstr        0x00000000     0x1edf
 *(.stabstr)
 .stabstr       0x00000000     0x1edf /usr/lib/gcc/avr/4.3.3/../../../avr/lib/avr5/crtm32.o

.stab.excl
 *(.stab.excl)

.stab.exclstr
 *(.stab.exclstr)

.stab.index
 *(.stab.index)

.stab.indexstr
 *(.stab.indexstr)

.comment
 *(.comment)

.debug
 *(.debug)

.line
 *(.line)

.debug_srcinfo
 *(.debug_srcinfo)

.debug_sfnames
 *(.debug_sfnames)

.debug_aranges
 *(.debug_aranges)

.debug_pubnames
 *(.debug_pubnames)

.debug_info
 *(.debug_info)
 *(.gnu.linkonce.wi.*)

.debug_abbrev
 *(.debug_abbrev)

.debug_line
 *(.debug_line)

.debug_frame
 *(.debug_frame)

.debug_str
 *(.debug_str)

.debug_loc
 *(.debug_loc)

.debug_macinfo
 *(.debug_macinfo)
OUTPUT(ColorsCMP_EclipseEdition.elf elf32-avr)
LOAD linker stubs

Cross Reference Table

Symbol                                            File
ADC_LoadingAndEvalIt                              ./src/algorithm.o
                                                  ./src/main.o
ADC_N_Times                                       ./src/algorithm.o
CalibrationAlgorithm                              ./src/algorithm.o
                                                  ./src/main.o
DebugSendAllResultValues                          ./src/main.o
FontLookup                                        ./src/lcd/lcd_nokia_3310_frm_brunql.o
HalfByteAsASCII                                   ./src/uint8_16_to_string.o
Lcd3310_AnimationSwitchMenuItems                  ./src/lcd/lcd_nokia_menu.o
                                                  ./src/main.o
Lcd3310_Char                                      ./src/lcd/lcd_nokia_3310_frm_brunql.o
                                                  ./src/lcd/lcd_nokia_menu.o
                                                  ./src/algorithm.o
                                                  ./src/SnakeGame.o
Lcd3310_ClearCenter                               ./src/lcd/lcd_nokia_3310_frm_brunql.o
                                                  ./src/lcd/lcd_nokia_menu.o
                                                  ./src/algorithm.o
                                                  ./src/SnakeGame.o
Lcd3310_GotoXY                                    ./src/lcd/lcd_nokia_3310_frm_brunql.o
                                                  ./src/lcd/lcd_nokia_menu.o
                                                  ./src/algorithm.o
                                                  ./src/SnakeGame.o
Lcd3310_Index                                     ./src/lcd/lcd_nokia_3310_frm_brunql.o
Lcd3310_Init                                      ./src/lcd/lcd_nokia_3310_frm_brunql.o
                                                  ./src/lcd/lcd_nokia_menu.o
Lcd3310_InitFill                                  ./src/lcd/lcd_nokia_3310_frm_brunql.o
Lcd3310_InitializeDisplay                         ./src/lcd/lcd_nokia_menu.o
                                                  ./src/main.o
Lcd3310_Send                                      ./src/lcd/lcd_nokia_3310_frm_brunql.o
                                                  ./src/SnakeGame.o
Lcd3310_String_P                                  ./src/lcd/lcd_nokia_3310_frm_brunql.o
                                                  ./src/lcd/lcd_nokia_menu.o
                                                  ./src/algorithm.o
                                                  ./src/SnakeGame.o
Lcd3310_String_P_Anime                            ./src/lcd/lcd_nokia_3310_frm_brunql.o
                                                  ./src/lcd/lcd_nokia_menu.o
Lcd3310_UInt16AsText                              ./src/lcd/lcd_nokia_3310_frm_brunql.o
Lcd3310_UInt16AsText_3Chars                       ./src/lcd/lcd_nokia_3310_frm_brunql.o
                                                  ./src/lcd/lcd_nokia_menu.o
Lcd3310_UInt8AsText                               ./src/lcd/lcd_nokia_3310_frm_brunql.o
                                                  ./src/SnakeGame.o
Lcd3310_UpdateDisplayInfo                         ./src/lcd/lcd_nokia_menu.o
                                                  ./src/main.o
LcdImage_Center                                   ./src/lcd/lcd_nokia_3310_frm_brunql.o
LcdImage_Upper                                    ./src/lcd/lcd_nokia_3310_frm_brunql.o
LcdImage_brunql_gmail_com                         ./src/lcd/lcd_nokia_3310_frm_brunql.o
LedDriver_Init                                    ./src/led_driver.o
                                                  ./src/main.o
LedDriver_PWM                                     ./src/led_driver.o
LedDriver_SwitchLeds                              ./src/led_driver.o
                                                  ./src/lcd/lcd_nokia_menu.o
                                                  ./src/main.o
                                                  ./src/algorithm.o
LedDriver_Switch_3_Leds                           ./src/led_driver.o
MeasureAllAlgorithm                               ./src/algorithm.o
                                                  ./src/main.o
Menu_EnterClick                                   ./src/lcd/lcd_nokia_menu.o
                                                  ./src/main.o
SaveMeasureResultsToCalibrate                     ./src/algorithm.o
                                                  ./src/main.o
SnakeGame_AddmeUpdateXY                           ./src/SnakeGame.o
                                                  ./src/main.o
SnakeGame_Start                                   ./src/SnakeGame.o
                                                  ./src/main.o
SnakeGame_Stop                                    ./src/SnakeGame.o
                                                  ./src/main.o
SnakeGame_TakeNextStep                            ./src/SnakeGame.o
                                                  ./src/main.o
SnakeGame_TurnLeft                                ./src/SnakeGame.o
                                                  ./src/main.o
SnakeGame_TurnRight                               ./src/SnakeGame.o
                                                  ./src/main.o
UInt16ToString                                    ./src/uint8_16_to_string.o
                                                  ./src/lcd/lcd_nokia_3310_frm_brunql.o
UInt8ToString                                     ./src/uint8_16_to_string.o
                                                  ./src/lcd/lcd_nokia_3310_frm_brunql.o
__addsf3                                          /usr/lib/gcc/avr/4.3.3/avr5/libgcc.a(_addsub_sf.o)
__bad_interrupt                                   /usr/lib/gcc/avr/4.3.3/../../../avr/lib/avr5/crtm32.o
__bss_end                                         /usr/lib/gcc/avr/4.3.3/avr5/libgcc.a(_clear_bss.o)
__bss_start                                       /usr/lib/gcc/avr/4.3.3/avr5/libgcc.a(_clear_bss.o)
__clz_tab                                         /usr/lib/gcc/avr/4.3.3/avr5/libgcc.a(_clz.o)
                                                  /usr/lib/gcc/avr/4.3.3/avr5/libgcc.a(_clzsi2.o)
__clzsi2                                          /usr/lib/gcc/avr/4.3.3/avr5/libgcc.a(_clzsi2.o)
                                                  /usr/lib/gcc/avr/4.3.3/avr5/libgcc.a(_usi_to_sf.o)
                                                  /usr/lib/gcc/avr/4.3.3/avr5/libgcc.a(_si_to_sf.o)
__data_end                                        /usr/lib/gcc/avr/4.3.3/avr5/libgcc.a(_copy_data.o)
__data_load_start                                 /usr/lib/gcc/avr/4.3.3/avr5/libgcc.a(_copy_data.o)
__data_start                                      /usr/lib/gcc/avr/4.3.3/avr5/libgcc.a(_copy_data.o)
__divmodhi4                                       /usr/lib/gcc/avr/4.3.3/avr5/libgcc.a(_divmodhi4.o)
                                                  ./src/SnakeGame.o
__divmodsi4                                       /usr/lib/gcc/avr/4.3.3/avr5/libgcc.a(_divmodsi4.o)
                                                  /usr/lib/gcc/avr/4.3.3/../../../avr/lib/avr5/libc.a(rand.o)
__divsf3                                          /usr/lib/gcc/avr/4.3.3/avr5/libgcc.a(_div_sf.o)
                                                  ./src/SnakeGame.o
__do_clear_bss                                    /usr/lib/gcc/avr/4.3.3/avr5/libgcc.a(_clear_bss.o)
                                                  /usr/lib/gcc/avr/4.3.3/../../../avr/lib/avr5/libc.a(rand.o)
                                                  /usr/lib/gcc/avr/4.3.3/avr5/libgcc.a(_clz.o)
                                                  /usr/lib/gcc/avr/4.3.3/avr5/libgcc.a(_fpcmp_parts_sf.o)
                                                  /usr/lib/gcc/avr/4.3.3/avr5/libgcc.a(_unpack_sf.o)
                                                  /usr/lib/gcc/avr/4.3.3/avr5/libgcc.a(_pack_sf.o)
                                                  /usr/lib/gcc/avr/4.3.3/avr5/libgcc.a(_clzsi2.o)
                                                  /usr/lib/gcc/avr/4.3.3/avr5/libgcc.a(_usi_to_sf.o)
                                                  /usr/lib/gcc/avr/4.3.3/avr5/libgcc.a(_thenan_sf.o)
                                                  /usr/lib/gcc/avr/4.3.3/avr5/libgcc.a(_sf_to_si.o)
                                                  /usr/lib/gcc/avr/4.3.3/avr5/libgcc.a(_si_to_sf.o)
                                                  /usr/lib/gcc/avr/4.3.3/avr5/libgcc.a(_lt_sf.o)
                                                  /usr/lib/gcc/avr/4.3.3/avr5/libgcc.a(_ge_sf.o)
                                                  /usr/lib/gcc/avr/4.3.3/avr5/libgcc.a(_gt_sf.o)
                                                  /usr/lib/gcc/avr/4.3.3/avr5/libgcc.a(_div_sf.o)
                                                  /usr/lib/gcc/avr/4.3.3/avr5/libgcc.a(_mul_sf.o)
                                                  /usr/lib/gcc/avr/4.3.3/avr5/libgcc.a(_addsub_sf.o)
                                                  /usr/lib/gcc/avr/4.3.3/avr5/libgcc.a(_fixunssfsi.o)
                                                  ./src/lcd/lcd_nokia_menu.o
                                                  ./src/lcd/lcd_nokia_3310_frm_brunql.o
                                                  ./src/uint8_16_to_string.o
                                                  ./src/main.o
                                                  ./src/led_driver.o
                                                  ./src/debug.o
                                                  ./src/algorithm.o
                                                  ./src/SnakeGame.o
__do_copy_data                                    /usr/lib/gcc/avr/4.3.3/avr5/libgcc.a(_copy_data.o)
                                                  /usr/lib/gcc/avr/4.3.3/../../../avr/lib/avr5/libc.a(rand.o)
                                                  /usr/lib/gcc/avr/4.3.3/avr5/libgcc.a(_clz.o)
                                                  /usr/lib/gcc/avr/4.3.3/avr5/libgcc.a(_fpcmp_parts_sf.o)
                                                  /usr/lib/gcc/avr/4.3.3/avr5/libgcc.a(_unpack_sf.o)
                                                  /usr/lib/gcc/avr/4.3.3/avr5/libgcc.a(_pack_sf.o)
                                                  /usr/lib/gcc/avr/4.3.3/avr5/libgcc.a(_clzsi2.o)
                                                  /usr/lib/gcc/avr/4.3.3/avr5/libgcc.a(_usi_to_sf.o)
                                                  /usr/lib/gcc/avr/4.3.3/avr5/libgcc.a(_thenan_sf.o)
                                                  /usr/lib/gcc/avr/4.3.3/avr5/libgcc.a(_sf_to_si.o)
                                                  /usr/lib/gcc/avr/4.3.3/avr5/libgcc.a(_si_to_sf.o)
                                                  /usr/lib/gcc/avr/4.3.3/avr5/libgcc.a(_lt_sf.o)
                                                  /usr/lib/gcc/avr/4.3.3/avr5/libgcc.a(_ge_sf.o)
                                                  /usr/lib/gcc/avr/4.3.3/avr5/libgcc.a(_gt_sf.o)
                                                  /usr/lib/gcc/avr/4.3.3/avr5/libgcc.a(_div_sf.o)
                                                  /usr/lib/gcc/avr/4.3.3/avr5/libgcc.a(_mul_sf.o)
                                                  /usr/lib/gcc/avr/4.3.3/avr5/libgcc.a(_addsub_sf.o)
                                                  /usr/lib/gcc/avr/4.3.3/avr5/libgcc.a(_fixunssfsi.o)
                                                  ./src/lcd/lcd_nokia_menu.o
                                                  ./src/lcd/lcd_nokia_3310_frm_brunql.o
                                                  ./src/uint8_16_to_string.o
                                                  ./src/main.o
                                                  ./src/led_driver.o
                                                  ./src/debug.o
                                                  ./src/algorithm.o
                                                  ./src/SnakeGame.o
__epilogue_restores__                             /usr/lib/gcc/avr/4.3.3/avr5/libgcc.a(_epilogue.o)
                                                  /usr/lib/gcc/avr/4.3.3/../../../avr/lib/avr5/libc.a(rand.o)
                                                  /usr/lib/gcc/avr/4.3.3/avr5/libgcc.a(_usi_to_sf.o)
                                                  /usr/lib/gcc/avr/4.3.3/avr5/libgcc.a(_sf_to_si.o)
                                                  /usr/lib/gcc/avr/4.3.3/avr5/libgcc.a(_si_to_sf.o)
                                                  /usr/lib/gcc/avr/4.3.3/avr5/libgcc.a(_lt_sf.o)
                                                  /usr/lib/gcc/avr/4.3.3/avr5/libgcc.a(_ge_sf.o)
                                                  /usr/lib/gcc/avr/4.3.3/avr5/libgcc.a(_gt_sf.o)
                                                  /usr/lib/gcc/avr/4.3.3/avr5/libgcc.a(_div_sf.o)
                                                  /usr/lib/gcc/avr/4.3.3/avr5/libgcc.a(_mul_sf.o)
                                                  /usr/lib/gcc/avr/4.3.3/avr5/libgcc.a(_addsub_sf.o)
__fixsfsi                                         /usr/lib/gcc/avr/4.3.3/avr5/libgcc.a(_sf_to_si.o)
                                                  /usr/lib/gcc/avr/4.3.3/avr5/libgcc.a(_fixunssfsi.o)
__fixunssfsi                                      /usr/lib/gcc/avr/4.3.3/avr5/libgcc.a(_fixunssfsi.o)
                                                  ./src/lcd/lcd_nokia_3310_frm_brunql.o
                                                  ./src/algorithm.o
                                                  ./src/SnakeGame.o
__floatsisf                                       /usr/lib/gcc/avr/4.3.3/avr5/libgcc.a(_si_to_sf.o)
                                                  ./src/SnakeGame.o
__floatunsisf                                     /usr/lib/gcc/avr/4.3.3/avr5/libgcc.a(_usi_to_sf.o)
                                                  ./src/lcd/lcd_nokia_3310_frm_brunql.o
                                                  ./src/algorithm.o
__fpcmp_parts_f                                   /usr/lib/gcc/avr/4.3.3/avr5/libgcc.a(_fpcmp_parts_sf.o)
                                                  /usr/lib/gcc/avr/4.3.3/avr5/libgcc.a(_lt_sf.o)
                                                  /usr/lib/gcc/avr/4.3.3/avr5/libgcc.a(_ge_sf.o)
                                                  /usr/lib/gcc/avr/4.3.3/avr5/libgcc.a(_gt_sf.o)
__gesf2                                           /usr/lib/gcc/avr/4.3.3/avr5/libgcc.a(_ge_sf.o)
                                                  /usr/lib/gcc/avr/4.3.3/avr5/libgcc.a(_fixunssfsi.o)
__gtsf2                                           /usr/lib/gcc/avr/4.3.3/avr5/libgcc.a(_gt_sf.o)
                                                  ./src/lcd/lcd_nokia_3310_frm_brunql.o
                                                  ./src/algorithm.o
__heap_end                                        /usr/lib/gcc/avr/4.3.3/../../../avr/lib/avr5/crtm32.o
__init                                            /usr/lib/gcc/avr/4.3.3/../../../avr/lib/avr5/crtm32.o
__ltsf2                                           /usr/lib/gcc/avr/4.3.3/avr5/libgcc.a(_lt_sf.o)
                                                  ./src/lcd/lcd_nokia_3310_frm_brunql.o
                                                  ./src/algorithm.o
__mulsf3                                          /usr/lib/gcc/avr/4.3.3/avr5/libgcc.a(_mul_sf.o)
                                                  ./src/lcd/lcd_nokia_3310_frm_brunql.o
                                                  ./src/algorithm.o
__mulsi3                                          /usr/lib/gcc/avr/4.3.3/avr5/libgcc.a(_mulsi3.o)
                                                  /usr/lib/gcc/avr/4.3.3/../../../avr/lib/avr5/libc.a(rand.o)
__pack_f                                          /usr/lib/gcc/avr/4.3.3/avr5/libgcc.a(_pack_sf.o)
                                                  /usr/lib/gcc/avr/4.3.3/avr5/libgcc.a(_usi_to_sf.o)
                                                  /usr/lib/gcc/avr/4.3.3/avr5/libgcc.a(_si_to_sf.o)
                                                  /usr/lib/gcc/avr/4.3.3/avr5/libgcc.a(_div_sf.o)
                                                  /usr/lib/gcc/avr/4.3.3/avr5/libgcc.a(_mul_sf.o)
                                                  /usr/lib/gcc/avr/4.3.3/avr5/libgcc.a(_addsub_sf.o)
__prologue_saves__                                /usr/lib/gcc/avr/4.3.3/avr5/libgcc.a(_prologue.o)
                                                  /usr/lib/gcc/avr/4.3.3/../../../avr/lib/avr5/libc.a(rand.o)
                                                  /usr/lib/gcc/avr/4.3.3/avr5/libgcc.a(_usi_to_sf.o)
                                                  /usr/lib/gcc/avr/4.3.3/avr5/libgcc.a(_sf_to_si.o)
                                                  /usr/lib/gcc/avr/4.3.3/avr5/libgcc.a(_si_to_sf.o)
                                                  /usr/lib/gcc/avr/4.3.3/avr5/libgcc.a(_lt_sf.o)
                                                  /usr/lib/gcc/avr/4.3.3/avr5/libgcc.a(_ge_sf.o)
                                                  /usr/lib/gcc/avr/4.3.3/avr5/libgcc.a(_gt_sf.o)
                                                  /usr/lib/gcc/avr/4.3.3/avr5/libgcc.a(_div_sf.o)
                                                  /usr/lib/gcc/avr/4.3.3/avr5/libgcc.a(_mul_sf.o)
                                                  /usr/lib/gcc/avr/4.3.3/avr5/libgcc.a(_addsub_sf.o)
__stack                                           /usr/lib/gcc/avr/4.3.3/../../../avr/lib/avr5/crtm32.o
__subsf3                                          /usr/lib/gcc/avr/4.3.3/avr5/libgcc.a(_addsub_sf.o)
                                                  /usr/lib/gcc/avr/4.3.3/avr5/libgcc.a(_fixunssfsi.o)
__thenan_sf                                       /usr/lib/gcc/avr/4.3.3/avr5/libgcc.a(_thenan_sf.o)
                                                  /usr/lib/gcc/avr/4.3.3/avr5/libgcc.a(_div_sf.o)
                                                  /usr/lib/gcc/avr/4.3.3/avr5/libgcc.a(_mul_sf.o)
                                                  /usr/lib/gcc/avr/4.3.3/avr5/libgcc.a(_addsub_sf.o)
__udivmodhi4                                      /usr/lib/gcc/avr/4.3.3/avr5/libgcc.a(_udivmodhi4.o)
                                                  /usr/lib/gcc/avr/4.3.3/avr5/libgcc.a(_divmodhi4.o)
                                                  ./src/lcd/lcd_nokia_3310_frm_brunql.o
                                                  ./src/algorithm.o
                                                  ./src/SnakeGame.o
__udivmodsi4                                      /usr/lib/gcc/avr/4.3.3/avr5/libgcc.a(_udivmodsi4.o)
                                                  /usr/lib/gcc/avr/4.3.3/avr5/libgcc.a(_divmodsi4.o)
__unpack_f                                        /usr/lib/gcc/avr/4.3.3/avr5/libgcc.a(_unpack_sf.o)
                                                  /usr/lib/gcc/avr/4.3.3/avr5/libgcc.a(_sf_to_si.o)
                                                  /usr/lib/gcc/avr/4.3.3/avr5/libgcc.a(_lt_sf.o)
                                                  /usr/lib/gcc/avr/4.3.3/avr5/libgcc.a(_ge_sf.o)
                                                  /usr/lib/gcc/avr/4.3.3/avr5/libgcc.a(_gt_sf.o)
                                                  /usr/lib/gcc/avr/4.3.3/avr5/libgcc.a(_div_sf.o)
                                                  /usr/lib/gcc/avr/4.3.3/avr5/libgcc.a(_mul_sf.o)
                                                  /usr/lib/gcc/avr/4.3.3/avr5/libgcc.a(_addsub_sf.o)
__vector_1                                        /usr/lib/gcc/avr/4.3.3/../../../avr/lib/avr5/crtm32.o
__vector_10                                       /usr/lib/gcc/avr/4.3.3/../../../avr/lib/avr5/crtm32.o
__vector_11                                       /usr/lib/gcc/avr/4.3.3/../../../avr/lib/avr5/crtm32.o
__vector_12                                       /usr/lib/gcc/avr/4.3.3/../../../avr/lib/avr5/crtm32.o
__vector_13                                       /usr/lib/gcc/avr/4.3.3/../../../avr/lib/avr5/crtm32.o
__vector_14                                       /usr/lib/gcc/avr/4.3.3/../../../avr/lib/avr5/crtm32.o
__vector_15                                       /usr/lib/gcc/avr/4.3.3/../../../avr/lib/avr5/crtm32.o
__vector_16                                       /usr/lib/gcc/avr/4.3.3/../../../avr/lib/avr5/crtm32.o
__vector_17                                       /usr/lib/gcc/avr/4.3.3/../../../avr/lib/avr5/crtm32.o
__vector_18                                       /usr/lib/gcc/avr/4.3.3/../../../avr/lib/avr5/crtm32.o
__vector_19                                       /usr/lib/gcc/avr/4.3.3/../../../avr/lib/avr5/crtm32.o
__vector_2                                        ./src/main.o
                                                  /usr/lib/gcc/avr/4.3.3/../../../avr/lib/avr5/crtm32.o
__vector_20                                       /usr/lib/gcc/avr/4.3.3/../../../avr/lib/avr5/crtm32.o
__vector_3                                        /usr/lib/gcc/avr/4.3.3/../../../avr/lib/avr5/crtm32.o
__vector_4                                        /usr/lib/gcc/avr/4.3.3/../../../avr/lib/avr5/crtm32.o
__vector_5                                        ./src/main.o
                                                  /usr/lib/gcc/avr/4.3.3/../../../avr/lib/avr5/crtm32.o
__vector_6                                        /usr/lib/gcc/avr/4.3.3/../../../avr/lib/avr5/crtm32.o
__vector_7                                        /usr/lib/gcc/avr/4.3.3/../../../avr/lib/avr5/crtm32.o
__vector_8                                        /usr/lib/gcc/avr/4.3.3/../../../avr/lib/avr5/crtm32.o
__vector_9                                        /usr/lib/gcc/avr/4.3.3/../../../avr/lib/avr5/crtm32.o
__vector_default                                  /usr/lib/gcc/avr/4.3.3/../../../avr/lib/avr5/crtm32.o
__vectors                                         /usr/lib/gcc/avr/4.3.3/../../../avr/lib/avr5/crtm32.o
_div                                              /usr/lib/gcc/avr/4.3.3/avr5/libgcc.a(_divmodhi4.o)
_exit                                             /usr/lib/gcc/avr/4.3.3/avr5/libgcc.a(_exit.o)
adc_data                                          ./src/algorithm.o
                                                  ./src/main.o
addme_x                                           ./src/SnakeGame.o
addme_y                                           ./src/SnakeGame.o
atomic_flags                                      ./src/main.o
atomic_temp                                       ./src/main.o
back_setup                                        ./src/lcd/lcd_nokia_menu.o
brunql_str                                        ./src/SnakeGame.o
calibration                                       ./src/lcd/lcd_nokia_menu.o
                                                  ./src/main.o
exit                                              /usr/lib/gcc/avr/4.3.3/avr5/libgcc.a(_exit.o)
                                                  /usr/lib/gcc/avr/4.3.3/../../../avr/lib/avr5/crtm32.o
flags                                             ./src/main.o
                                                  ./src/lcd/lcd_nokia_menu.o
                                                  ./src/SnakeGame.o
get_present_speed                                 ./src/SnakeGame.o
                                                  ./src/main.o
go                                                ./src/lcd/lcd_nokia_menu.o
                                                  ./src/main.o
go_work_str                                       ./src/SnakeGame.o
got_fun_str                                       ./src/SnakeGame.o
hex2dec_result                                    ./src/algorithm.o
                                                  ./src/lcd/lcd_nokia_menu.o
                                                  ./src/main.o
init_menu_now                                     ./src/lcd/lcd_nokia_menu.o
lcd_first_str                                     ./src/lcd/lcd_nokia_menu.o
led_show_codes                                    ./src/algorithm.o
level_str                                         ./src/SnakeGame.o
main                                              ./src/main.o
                                                  /usr/lib/gcc/avr/4.3.3/../../../avr/lib/avr5/crtm32.o
max_diff                                          ./src/algorithm.o
measure_delay                                     ./src/algorithm.o
                                                  ./src/lcd/lcd_nokia_menu.o
                                                  ./src/lcd/lcd_nokia_3310_frm_brunql.o
                                                  ./src/main.o
menu_before_now                                   ./src/lcd/lcd_nokia_menu.o
menu_now                                          ./src/lcd/lcd_nokia_menu.o
                                                  ./src/main.o
menu_now_atomic                                   ./src/lcd/lcd_nokia_menu.o
pstr_complete                                     ./src/algorithm.o
pstr_please_wait                                  ./src/algorithm.o
rand                                              /usr/lib/gcc/avr/4.3.3/../../../avr/lib/avr5/libc.a(rand.o)
                                                  ./src/SnakeGame.o
rand_r                                            /usr/lib/gcc/avr/4.3.3/../../../avr/lib/avr5/libc.a(rand.o)
readme                                            ./src/lcd/lcd_nokia_menu.o
result                                            ./src/algorithm.o
                                                  ./src/lcd/lcd_nokia_menu.o
                                                  ./src/main.o
results                                           ./src/lcd/lcd_nokia_menu.o
                                                  ./src/main.o
score                                             ./src/SnakeGame.o
score_str                                         ./src/SnakeGame.o
set_measure_delay                                 ./src/lcd/lcd_nokia_menu.o
                                                  ./src/lcd/lcd_nokia_3310_frm_brunql.o
                                                  ./src/main.o
setup                                             ./src/lcd/lcd_nokia_menu.o
snake                                             ./src/SnakeGame.o
snake_add_index                                   ./src/SnakeGame.o
snake_results                                     ./src/lcd/lcd_nokia_menu.o
                                                  ./src/main.o
snake_start                                       ./src/lcd/lcd_nokia_menu.o
snake_str                                         ./src/SnakeGame.o
snakegame_DirectionStep                           ./src/SnakeGame.o
snakegame_InitSnake                               ./src/SnakeGame.o
snakegame_UpdateDisplay                           ./src/SnakeGame.o
srand                                             /usr/lib/gcc/avr/4.3.3/../../../avr/lib/avr5/libc.a(rand.o)
step_speed                                        ./src/SnakeGame.o
                                                  ./src/main.o
text                                              ./src/lcd/lcd_nokia_menu.o
timer_delay                                       ./src/main.o
                                                  ./src/SnakeGame.o
timer_ticks_to_get_present                        ./src/main.o
                                                  ./src/SnakeGame.o
to_string_result                                  ./src/uint8_16_to_string.o
                                                  ./src/lcd/lcd_nokia_3310_frm_brunql.o
uart_initialize                                   ./src/debug.o
                                                  ./src/main.o
uart_putchar                                      ./src/debug.o
                                                  ./src/main.o
uart_putstring_P                                  ./src/debug.o
uwin_str                                          ./src/SnakeGame.o
uwin_times                                        ./src/SnakeGame.o
