Archive member included because of file (symbol)

/usr/lib/gcc/avr/4.3.3/avr5/libgcc.a(_udivmodhi4.o)
                              ./src/SnakeGame.o (__udivmodhi4)
/usr/lib/gcc/avr/4.3.3/avr5/libgcc.a(_divmodhi4.o)
                              ./src/SnakeGame.o (__divmodhi4)
/usr/lib/gcc/avr/4.3.3/avr5/libgcc.a(_exit.o)
                              /usr/lib/gcc/avr/4.3.3/../../../avr/lib/avr5/crtm32.o (exit)
/usr/lib/gcc/avr/4.3.3/avr5/libgcc.a(_copy_data.o)
                              ./src/SnakeGame.o (__do_copy_data)
/usr/lib/gcc/avr/4.3.3/avr5/libgcc.a(_clear_bss.o)
                              ./src/SnakeGame.o (__do_clear_bss)
/usr/lib/gcc/avr/4.3.3/avr5/libgcc.a(_fixunssfsi.o)
                              ./src/SnakeGame.o (__fixunssfsi)
/usr/lib/gcc/avr/4.3.3/avr5/libgcc.a(_addsub_sf.o)
                              /usr/lib/gcc/avr/4.3.3/avr5/libgcc.a(_fixunssfsi.o) (__subsf3)
/usr/lib/gcc/avr/4.3.3/avr5/libgcc.a(_mul_sf.o)
                              ./src/algorithm.o (__mulsf3)
/usr/lib/gcc/avr/4.3.3/avr5/libgcc.a(_div_sf.o)
                              ./src/SnakeGame.o (__divsf3)
/usr/lib/gcc/avr/4.3.3/avr5/libgcc.a(_gt_sf.o)
                              ./src/lcd/lcd_nokia_3310_frm_brunql.o (__gtsf2)
/usr/lib/gcc/avr/4.3.3/avr5/libgcc.a(_ge_sf.o)
                              /usr/lib/gcc/avr/4.3.3/avr5/libgcc.a(_fixunssfsi.o) (__gesf2)
/usr/lib/gcc/avr/4.3.3/avr5/libgcc.a(_lt_sf.o)
                              ./src/lcd/lcd_nokia_3310_frm_brunql.o (__ltsf2)
/usr/lib/gcc/avr/4.3.3/avr5/libgcc.a(_si_to_sf.o)
                              ./src/SnakeGame.o (__floatsisf)
/usr/lib/gcc/avr/4.3.3/avr5/libgcc.a(_sf_to_si.o)
                              ./src/algorithm.o (__fixsfsi)
/usr/lib/gcc/avr/4.3.3/avr5/libgcc.a(_thenan_sf.o)
                              /usr/lib/gcc/avr/4.3.3/avr5/libgcc.a(_addsub_sf.o) (__thenan_sf)
/usr/lib/gcc/avr/4.3.3/avr5/libgcc.a(_usi_to_sf.o)
                              ./src/algorithm.o (__floatunsisf)
/usr/lib/gcc/avr/4.3.3/avr5/libgcc.a(_prologue.o)
                              /usr/lib/gcc/avr/4.3.3/avr5/libgcc.a(_addsub_sf.o) (__prologue_saves__)
/usr/lib/gcc/avr/4.3.3/avr5/libgcc.a(_epilogue.o)
                              /usr/lib/gcc/avr/4.3.3/avr5/libgcc.a(_addsub_sf.o) (__epilogue_restores__)
/usr/lib/gcc/avr/4.3.3/avr5/libgcc.a(_clzsi2.o)
                              /usr/lib/gcc/avr/4.3.3/avr5/libgcc.a(_si_to_sf.o) (__clzsi2)
/usr/lib/gcc/avr/4.3.3/avr5/libgcc.a(_pack_sf.o)
                              /usr/lib/gcc/avr/4.3.3/avr5/libgcc.a(_addsub_sf.o) (__pack_f)
/usr/lib/gcc/avr/4.3.3/avr5/libgcc.a(_unpack_sf.o)
                              /usr/lib/gcc/avr/4.3.3/avr5/libgcc.a(_addsub_sf.o) (__unpack_f)
/usr/lib/gcc/avr/4.3.3/avr5/libgcc.a(_fpcmp_parts_sf.o)
                              /usr/lib/gcc/avr/4.3.3/avr5/libgcc.a(_gt_sf.o) (__fpcmp_parts_f)
/usr/lib/gcc/avr/4.3.3/avr5/libgcc.a(_clz.o)
                              /usr/lib/gcc/avr/4.3.3/avr5/libgcc.a(_clzsi2.o) (__clz_tab)
/usr/lib/gcc/avr/4.3.3/../../../avr/lib/avr5/libc.a(rand.o)
                              ./src/SnakeGame.o (rand)
/usr/lib/gcc/avr/4.3.3/avr5/libgcc.a(_mulsi3.o)
                              /usr/lib/gcc/avr/4.3.3/../../../avr/lib/avr5/libc.a(rand.o) (__mulsi3)
/usr/lib/gcc/avr/4.3.3/avr5/libgcc.a(_divmodsi4.o)
                              /usr/lib/gcc/avr/4.3.3/../../../avr/lib/avr5/libc.a(rand.o) (__divmodsi4)
/usr/lib/gcc/avr/4.3.3/avr5/libgcc.a(_udivmodsi4.o)
                              /usr/lib/gcc/avr/4.3.3/avr5/libgcc.a(_divmodsi4.o) (__udivmodsi4)

Allocating common symbols
Common symbol       size              file

menu_now_atomic     0x2               ./src/lcd/lcd_nokia_menu.o
menu_now            0x2               ./src/lcd/lcd_nokia_menu.o

Memory Configuration

Name             Origin             Length             Attributes
text             0x00000000         0x00020000         xr
data             0x00800060         0x0000ffa0         rw !x
eeprom           0x00810000         0x00010000         rw !x
fuse             0x00820000         0x00000400         rw !x
lock             0x00830000         0x00000400         rw !x
signature        0x00840000         0x00000400         rw !x
*default*        0x00000000         0xffffffff

Linker script and memory map

LOAD /usr/lib/gcc/avr/4.3.3/../../../avr/lib/avr5/crtm32.o
LOAD ./src/SnakeGame.o
LOAD ./src/algorithm.o
LOAD ./src/debug.o
LOAD ./src/led_driver.o
LOAD ./src/main.o
LOAD ./src/uint8_16_to_string.o
LOAD ./src/lcd/lcd_nokia_3310_frm_brunql.o
LOAD ./src/lcd/lcd_nokia_menu.o
LOAD /usr/lib/gcc/avr/4.3.3/avr5/libgcc.a
LOAD /usr/lib/gcc/avr/4.3.3/../../../avr/lib/avr5/libm.a
LOAD /usr/lib/gcc/avr/4.3.3/avr5/libgcc.a
LOAD /usr/lib/gcc/avr/4.3.3/../../../avr/lib/avr5/libc.a
LOAD /usr/lib/gcc/avr/4.3.3/avr5/libgcc.a

.hash
 *(.hash)

.dynsym
 *(.dynsym)

.dynstr
 *(.dynstr)

.gnu.version
 *(.gnu.version)

.gnu.version_d
 *(.gnu.version_d)

.gnu.version_r
 *(.gnu.version_r)

.rel.init
 *(.rel.init)

.rela.init
 *(.rela.init)

.rel.text
 *(.rel.text)
 *(.rel.text.*)
 *(.rel.gnu.linkonce.t*)

.rela.text
 *(.rela.text)
 *(.rela.text.*)
 *(.rela.gnu.linkonce.t*)

.rel.fini
 *(.rel.fini)

.rela.fini
 *(.rela.fini)

.rel.rodata
 *(.rel.rodata)
 *(.rel.rodata.*)
 *(.rel.gnu.linkonce.r*)

.rela.rodata
 *(.rela.rodata)
 *(.rela.rodata.*)
 *(.rela.gnu.linkonce.r*)

.rel.data
 *(.rel.data)
 *(.rel.data.*)
 *(.rel.gnu.linkonce.d*)

.rela.data
 *(.rela.data)
 *(.rela.data.*)
 *(.rela.gnu.linkonce.d*)

.rel.ctors
 *(.rel.ctors)

.rela.ctors
 *(.rela.ctors)

.rel.dtors
 *(.rel.dtors)

.rela.dtors
 *(.rela.dtors)

.rel.got
 *(.rel.got)

.rela.got
 *(.rela.got)

.rel.bss
 *(.rel.bss)

.rela.bss
 *(.rela.bss)

.rel.plt
 *(.rel.plt)

.rela.plt
 *(.rela.plt)

.text           0x00000000     0x2d9e
 *(.vectors)
 .vectors       0x00000000       0x54 /usr/lib/gcc/avr/4.3.3/../../../avr/lib/avr5/crtm32.o
                0x00000000                __vectors
                0x00000000                __vector_default
 *(.vectors)
 *(.progmem.gcc*)
 *(.progmem*)
 .progmem.data  0x00000054      0x3bf ./src/lcd/lcd_nokia_3310_frm_brunql.o
                0x0000026f                LcdImage_Center
                0x0000021b                LcdImage_Upper
                0x000003bf                LcdImage_brunql_gmail_com
                0x00000054                FontLookup
                0x00000414                . = ALIGN (0x2)
 *fill*         0x00000413        0x1 00
                0x00000414                __trampolines_start = .
 *(.trampolines)
 .trampolines   0x00000414        0x0 linker stubs
 *(.trampolines*)
                0x00000414                __trampolines_end = .
 *(.jumptables)
 *(.jumptables*)
 *(.lowtext)
 *(.lowtext*)
                0x00000414                __ctors_start = .
 *(.ctors)
                0x00000414                __ctors_end = .
                0x00000414                __dtors_start = .
 *(.dtors)
                0x00000414                __dtors_end = .
 SORT(*)(.ctors)
 SORT(*)(.dtors)
 *(.init0)
 .init0         0x00000414        0x0 /usr/lib/gcc/avr/4.3.3/../../../avr/lib/avr5/crtm32.o
                0x00000414                __init
 *(.init0)
 *(.init1)
 *(.init1)
 *(.init2)
 .init2         0x00000414        0xc /usr/lib/gcc/avr/4.3.3/../../../avr/lib/avr5/crtm32.o
 *(.init2)
 *(.init3)
 *(.init3)
 *(.init4)
 .init4         0x00000420       0x16 /usr/lib/gcc/avr/4.3.3/avr5/libgcc.a(_copy_data.o)
                0x00000420                __do_copy_data
 .init4         0x00000436       0x10 /usr/lib/gcc/avr/4.3.3/avr5/libgcc.a(_clear_bss.o)
                0x00000436                __do_clear_bss
 *(.init4)
 *(.init5)
 *(.init5)
 *(.init6)
 *(.init6)
 *(.init7)
 *(.init7)
 *(.init8)
 *(.init8)
 *(.init9)
 .init9         0x00000446        0x8 /usr/lib/gcc/avr/4.3.3/../../../avr/lib/avr5/crtm32.o
 *(.init9)
 *(.text)
 .text          0x0000044e        0x4 /usr/lib/gcc/avr/4.3.3/../../../avr/lib/avr5/crtm32.o
                0x0000044e                __vector_1
                0x0000044e                __vector_12
                0x0000044e                __bad_interrupt
                0x0000044e                __vector_6
                0x0000044e                __vector_3
                0x0000044e                __vector_11
                0x0000044e                __vector_13
                0x0000044e                __vector_17
                0x0000044e                __vector_19
                0x0000044e                __vector_7
                0x0000044e                __vector_4
                0x0000044e                __vector_9
                0x0000044e                __vector_15
                0x0000044e                __vector_8
                0x0000044e                __vector_14
                0x0000044e                __vector_10
                0x0000044e                __vector_16
                0x0000044e                __vector_18
                0x0000044e                __vector_20
 .text          0x00000452      0x4f8 ./src/SnakeGame.o
                0x00000488                SnakeGame_TurnLeft
                0x000006fe                SnakeGame_Start
                0x00000518                snakegame_UpdateDisplay
                0x000004b4                snakegame_DirectionStep
                0x00000486                SnakeGame_Stop
                0x0000049e                SnakeGame_TurnRight
                0x00000452                snakegame_InitSnake
                0x00000754                SnakeGame_TakeNextStep
                0x000006d8                SnakeGame_AddmeUpdateXY
 .text          0x0000094a      0x43a ./src/algorithm.o
                0x00000b78                SaveResultsAlgorithm
                0x00000a5a                ADC_64_Times
                0x00000c48                ADC_LoadingAndEvalIt
                0x00000ad2                CalibrationAlgorithm
                0x00000a00                GetValuesFromADC
                0x0000094a                hex2dec_result
                0x00000b6a                SetZeroAlgorithm
                0x000009da                StartADC
 .text          0x00000d84        0x0 ./src/debug.o
 .text          0x00000d84       0x50 ./src/led_driver.o
                0x00000dc0                LedDriver_Init
                0x00000d84                LedDriver_SwitchLeds
 .text          0x00000dd4      0x4ee ./src/main.o
                0x0000111c                __vector_5
                0x00000dd4                main
                0x00001194                __vector_2
 .text          0x000012c2       0xd8 ./src/uint8_16_to_string.o
                0x00001326                UInt16ToString
                0x000012dc                UInt8ToString
                0x000012c2                HalfByteAsASCII
 .text          0x0000139a      0x538 ./src/lcd/lcd_nokia_3310_frm_brunql.o
                0x0000163e                Lcd3310_GotoXY
                0x0000186a                Lcd3310_Send
                0x000016a4                Lcd3310_InitFill
                0x000018b2                Lcd3310_UInt8AsText
                0x0000143c                Lcd3310_String_P
                0x0000139a                Lcd3310_Char
                0x000014a0                Lcd3310_String_P_anime
                0x00001880                Lcd3310_UInt16AsText
                0x0000166c                Lcd3310_ClearCenter
                0x00001716                Lcd3310_Init
 .text          0x000018d2      0x43a ./src/lcd/lcd_nokia_menu.o
                0x000018d2                init_menu_now
                0x00001c1c                Menu_EnterClick
                0x000018e0                Lcd3310_UpdateDisplayInfo
                0x00001ae8                Lcd3310_AnimationSwitchMenuItems
                0x00001c06                Lcd3310_InitializeDisplay
 .text          0x00001d0c        0x0 /usr/lib/gcc/avr/4.3.3/avr5/libgcc.a(_udivmodhi4.o)
 .text          0x00001d0c        0x0 /usr/lib/gcc/avr/4.3.3/avr5/libgcc.a(_divmodhi4.o)
 .text          0x00001d0c        0x0 /usr/lib/gcc/avr/4.3.3/avr5/libgcc.a(_exit.o)
 .text          0x00001d0c        0x0 /usr/lib/gcc/avr/4.3.3/avr5/libgcc.a(_copy_data.o)
 .text          0x00001d0c        0x0 /usr/lib/gcc/avr/4.3.3/avr5/libgcc.a(_clear_bss.o)
 .text          0x00001d0c       0x58 /usr/lib/gcc/avr/4.3.3/avr5/libgcc.a(_fixunssfsi.o)
                0x00001d0c                __fixunssfsi
 .text          0x00001d64      0x354 /usr/lib/gcc/avr/4.3.3/avr5/libgcc.a(_addsub_sf.o)
                0x00001ffc                __subsf3
                0x0000205e                __addsf3
 .text          0x000020b8      0x1f4 /usr/lib/gcc/avr/4.3.3/avr5/libgcc.a(_mul_sf.o)
                0x000020b8                __mulsf3
 .text          0x000022ac      0x158 /usr/lib/gcc/avr/4.3.3/avr5/libgcc.a(_div_sf.o)
                0x000022ac                __divsf3
 .text          0x00002404       0x60 /usr/lib/gcc/avr/4.3.3/avr5/libgcc.a(_gt_sf.o)
                0x00002404                __gtsf2
 .text          0x00002464       0x60 /usr/lib/gcc/avr/4.3.3/avr5/libgcc.a(_ge_sf.o)
                0x00002464                __gesf2
 .text          0x000024c4       0x60 /usr/lib/gcc/avr/4.3.3/avr5/libgcc.a(_lt_sf.o)
                0x000024c4                __ltsf2
 .text          0x00002524       0xbc /usr/lib/gcc/avr/4.3.3/avr5/libgcc.a(_si_to_sf.o)
                0x00002524                __floatsisf
 .text          0x000025e0       0xa8 /usr/lib/gcc/avr/4.3.3/avr5/libgcc.a(_sf_to_si.o)
                0x000025e0                __fixsfsi
 .text          0x00002688        0x0 /usr/lib/gcc/avr/4.3.3/avr5/libgcc.a(_thenan_sf.o)
 .text          0x00002688       0xf2 /usr/lib/gcc/avr/4.3.3/avr5/libgcc.a(_usi_to_sf.o)
                0x00002688                __floatunsisf
 .text          0x0000277a        0x0 /usr/lib/gcc/avr/4.3.3/avr5/libgcc.a(_prologue.o)
 .text          0x0000277a        0x0 /usr/lib/gcc/avr/4.3.3/avr5/libgcc.a(_epilogue.o)
 .text          0x0000277a       0x9e /usr/lib/gcc/avr/4.3.3/avr5/libgcc.a(_clzsi2.o)
                0x0000277a                __clzsi2
 .text          0x00002818      0x1aa /usr/lib/gcc/avr/4.3.3/avr5/libgcc.a(_pack_sf.o)
                0x00002818                __pack_f
 .text          0x000029c2       0xf0 /usr/lib/gcc/avr/4.3.3/avr5/libgcc.a(_unpack_sf.o)
                0x000029c2                __unpack_f
 .text          0x00002ab2       0xb2 /usr/lib/gcc/avr/4.3.3/avr5/libgcc.a(_fpcmp_parts_sf.o)
                0x00002ab2                __fpcmp_parts_f
 .text          0x00002b64        0x0 /usr/lib/gcc/avr/4.3.3/avr5/libgcc.a(_clz.o)
 .text          0x00002b64       0xc2 /usr/lib/gcc/avr/4.3.3/../../../avr/lib/avr5/libc.a(rand.o)
                0x00002c00                rand_r
                0x00002c06                rand
                0x00002c10                srand
 .text          0x00002c26        0x0 /usr/lib/gcc/avr/4.3.3/avr5/libgcc.a(_mulsi3.o)
 .text          0x00002c26        0x0 /usr/lib/gcc/avr/4.3.3/avr5/libgcc.a(_divmodsi4.o)
 .text          0x00002c26        0x0 /usr/lib/gcc/avr/4.3.3/avr5/libgcc.a(_udivmodsi4.o)
                0x00002c26                . = ALIGN (0x2)
 *(.text.*)
 .text.libgcc   0x00002c26       0x28 /usr/lib/gcc/avr/4.3.3/avr5/libgcc.a(_udivmodhi4.o)
                0x00002c26                __udivmodhi4
 .text.libgcc   0x00002c4e       0x26 /usr/lib/gcc/avr/4.3.3/avr5/libgcc.a(_divmodhi4.o)
                0x00002c4e                __divmodhi4
                0x00002c4e                _div
 .text.libgcc   0x00002c74        0x0 /usr/lib/gcc/avr/4.3.3/avr5/libgcc.a(_exit.o)
 .text.libgcc   0x00002c74        0x0 /usr/lib/gcc/avr/4.3.3/avr5/libgcc.a(_copy_data.o)
 .text.libgcc   0x00002c74        0x0 /usr/lib/gcc/avr/4.3.3/avr5/libgcc.a(_clear_bss.o)
 .text.libgcc   0x00002c74       0x38 /usr/lib/gcc/avr/4.3.3/avr5/libgcc.a(_prologue.o)
                0x00002c74                __prologue_saves__
 .text.libgcc   0x00002cac       0x36 /usr/lib/gcc/avr/4.3.3/avr5/libgcc.a(_epilogue.o)
                0x00002cac                __epilogue_restores__
 .text.libgcc   0x00002ce2       0x3e /usr/lib/gcc/avr/4.3.3/avr5/libgcc.a(_mulsi3.o)
                0x00002ce2                __mulsi3
 .text.libgcc   0x00002d20       0x36 /usr/lib/gcc/avr/4.3.3/avr5/libgcc.a(_divmodsi4.o)
                0x00002d20                __divmodsi4
 .text.libgcc   0x00002d56       0x44 /usr/lib/gcc/avr/4.3.3/avr5/libgcc.a(_udivmodsi4.o)
                0x00002d56                __udivmodsi4
                0x00002d9a                . = ALIGN (0x2)
 *(.fini9)
 .fini9         0x00002d9a        0x0 /usr/lib/gcc/avr/4.3.3/avr5/libgcc.a(_exit.o)
                0x00002d9a                exit
                0x00002d9a                _exit
 *(.fini9)
 *(.fini8)
 *(.fini8)
 *(.fini7)
 *(.fini7)
 *(.fini6)
 *(.fini6)
 *(.fini5)
 *(.fini5)
 *(.fini4)
 *(.fini4)
 *(.fini3)
 *(.fini3)
 *(.fini2)
 *(.fini2)
 *(.fini1)
 *(.fini1)
 *(.fini0)
 .fini0         0x00002d9a        0x4 /usr/lib/gcc/avr/4.3.3/avr5/libgcc.a(_exit.o)
 *(.fini0)
                0x00002d9e                _etext = .

.data           0x00800060      0x300 load address 0x00002d9e
                0x00800060                PROVIDE (__data_start, .)
 *(.data)
 .data          0x00800060        0x0 /usr/lib/gcc/avr/4.3.3/../../../avr/lib/avr5/crtm32.o
 .data          0x00800060       0x75 ./src/SnakeGame.o
                0x008000b7                snake
                0x008000b4                get_present_speed
                0x0080009c                got_fun_str
                0x008000b6                addme_y
                0x008000b1                brunql_str
                0x0080006f                snake_str
                0x00800086                score_str
                0x008000b5                addme_x
                0x008000a7                go_work_str
                0x008000b3                step_speed
                0x0080007a                uwin_str
                0x00800091                level_str
 .data          0x008000d5       0x3d ./src/algorithm.o
                0x008000ed                max_diff
                0x00800110                pstr_please_wait
                0x008000d5                coefs
                0x008000ef                led_show_codes
                0x008000ff                pstr_complete
 .data          0x00800112        0x0 ./src/debug.o
 .data          0x00800112        0x0 ./src/led_driver.o
 .data          0x00800112        0x1 ./src/main.o
                0x00800112                timer_ticks_to_get_present
 .data          0x00800113        0x0 ./src/uint8_16_to_string.o
 .data          0x00800113        0x0 ./src/lcd/lcd_nokia_3310_frm_brunql.o
 .data          0x00800113      0x140 ./src/lcd/lcd_nokia_menu.o
                0x00800182                snake_results
                0x00800123                lcd_first_str
                0x00800134                go
                0x00800248                text
                0x0080014e                results
                0x00800168                snake_start
                0x008001d0                calibration
                0x008001b6                set_zero
                0x0080019c                setup
                0x00800204                readme
                0x00800113                menu_before_now
                0x008001ea                back_setup
 .data          0x00800253        0x0 /usr/lib/gcc/avr/4.3.3/avr5/libgcc.a(_udivmodhi4.o)
 .data          0x00800253        0x0 /usr/lib/gcc/avr/4.3.3/avr5/libgcc.a(_divmodhi4.o)
 .data          0x00800253        0x0 /usr/lib/gcc/avr/4.3.3/avr5/libgcc.a(_exit.o)
 .data          0x00800253        0x0 /usr/lib/gcc/avr/4.3.3/avr5/libgcc.a(_copy_data.o)
 .data          0x00800253        0x0 /usr/lib/gcc/avr/4.3.3/avr5/libgcc.a(_clear_bss.o)
 .data          0x00800253        0x0 /usr/lib/gcc/avr/4.3.3/avr5/libgcc.a(_fixunssfsi.o)
 .data          0x00800253        0x0 /usr/lib/gcc/avr/4.3.3/avr5/libgcc.a(_addsub_sf.o)
 .data          0x00800253        0x0 /usr/lib/gcc/avr/4.3.3/avr5/libgcc.a(_mul_sf.o)
 .data          0x00800253        0x0 /usr/lib/gcc/avr/4.3.3/avr5/libgcc.a(_div_sf.o)
 .data          0x00800253        0x0 /usr/lib/gcc/avr/4.3.3/avr5/libgcc.a(_gt_sf.o)
 .data          0x00800253        0x0 /usr/lib/gcc/avr/4.3.3/avr5/libgcc.a(_ge_sf.o)
 .data          0x00800253        0x0 /usr/lib/gcc/avr/4.3.3/avr5/libgcc.a(_lt_sf.o)
 .data          0x00800253        0x0 /usr/lib/gcc/avr/4.3.3/avr5/libgcc.a(_si_to_sf.o)
 .data          0x00800253        0x0 /usr/lib/gcc/avr/4.3.3/avr5/libgcc.a(_sf_to_si.o)
 .data          0x00800253        0x8 /usr/lib/gcc/avr/4.3.3/avr5/libgcc.a(_thenan_sf.o)
                0x00800253                __thenan_sf
 .data          0x0080025b        0x0 /usr/lib/gcc/avr/4.3.3/avr5/libgcc.a(_usi_to_sf.o)
 .data          0x0080025b        0x0 /usr/lib/gcc/avr/4.3.3/avr5/libgcc.a(_prologue.o)
 .data          0x0080025b        0x0 /usr/lib/gcc/avr/4.3.3/avr5/libgcc.a(_epilogue.o)
 .data          0x0080025b        0x0 /usr/lib/gcc/avr/4.3.3/avr5/libgcc.a(_clzsi2.o)
 .data          0x0080025b        0x0 /usr/lib/gcc/avr/4.3.3/avr5/libgcc.a(_pack_sf.o)
 .data          0x0080025b        0x0 /usr/lib/gcc/avr/4.3.3/avr5/libgcc.a(_unpack_sf.o)
 .data          0x0080025b        0x0 /usr/lib/gcc/avr/4.3.3/avr5/libgcc.a(_fpcmp_parts_sf.o)
 .data          0x0080025b      0x100 /usr/lib/gcc/avr/4.3.3/avr5/libgcc.a(_clz.o)
                0x0080025b                __clz_tab
 .data          0x0080035b        0x4 /usr/lib/gcc/avr/4.3.3/../../../avr/lib/avr5/libc.a(rand.o)
 .data          0x0080035f        0x0 /usr/lib/gcc/avr/4.3.3/avr5/libgcc.a(_mulsi3.o)
 .data          0x0080035f        0x0 /usr/lib/gcc/avr/4.3.3/avr5/libgcc.a(_divmodsi4.o)
 .data          0x0080035f        0x0 /usr/lib/gcc/avr/4.3.3/avr5/libgcc.a(_udivmodsi4.o)
 *(.data*)
 *(.rodata)
 *(.rodata*)
 *(.gnu.linkonce.d*)
                0x00800360                . = ALIGN (0x2)
 *fill*         0x0080035f        0x1 00
                0x00800360                _edata = .
                0x00800360                PROVIDE (__data_end, .)

.bss            0x00800360       0x2f load address 0x0000309e
                0x00800360                PROVIDE (__bss_start, .)
 *(.bss)
 .bss           0x00800360        0x0 /usr/lib/gcc/avr/4.3.3/../../../avr/lib/avr5/crtm32.o
 .bss           0x00800360        0x3 ./src/SnakeGame.o
                0x00800362                snake_add_index
                0x00800361                score
                0x00800360                uwin_times
 .bss           0x00800363       0x16 ./src/algorithm.o
                0x00800377                adc_res_second
                0x00800375                adc_res_first
                0x00800363                result
 .bss           0x00800379        0x0 ./src/debug.o
 .bss           0x00800379        0x0 ./src/led_driver.o
 .bss           0x00800379        0x8 ./src/main.o
                0x0080037b                atomic_flags
                0x00800380                timer_delay
                0x0080037d                atomic_temp
                0x0080037e                adc_data
                0x00800379                flags
 .bss           0x00800381        0x4 ./src/uint8_16_to_string.o
                0x00800381                to_string_result
 .bss           0x00800385        0x2 ./src/lcd/lcd_nokia_3310_frm_brunql.o
                0x00800385                Lcd3310_Index
 .bss           0x00800387        0x4 ./src/lcd/lcd_nokia_menu.o
                0x00800387                callibrate
 .bss           0x0080038b        0x0 /usr/lib/gcc/avr/4.3.3/avr5/libgcc.a(_udivmodhi4.o)
 .bss           0x0080038b        0x0 /usr/lib/gcc/avr/4.3.3/avr5/libgcc.a(_divmodhi4.o)
 .bss           0x0080038b        0x0 /usr/lib/gcc/avr/4.3.3/avr5/libgcc.a(_exit.o)
 .bss           0x0080038b        0x0 /usr/lib/gcc/avr/4.3.3/avr5/libgcc.a(_copy_data.o)
 .bss           0x0080038b        0x0 /usr/lib/gcc/avr/4.3.3/avr5/libgcc.a(_clear_bss.o)
 .bss           0x0080038b        0x0 /usr/lib/gcc/avr/4.3.3/avr5/libgcc.a(_fixunssfsi.o)
 .bss           0x0080038b        0x0 /usr/lib/gcc/avr/4.3.3/avr5/libgcc.a(_addsub_sf.o)
 .bss           0x0080038b        0x0 /usr/lib/gcc/avr/4.3.3/avr5/libgcc.a(_mul_sf.o)
 .bss           0x0080038b        0x0 /usr/lib/gcc/avr/4.3.3/avr5/libgcc.a(_div_sf.o)
 .bss           0x0080038b        0x0 /usr/lib/gcc/avr/4.3.3/avr5/libgcc.a(_gt_sf.o)
 .bss           0x0080038b        0x0 /usr/lib/gcc/avr/4.3.3/avr5/libgcc.a(_ge_sf.o)
 .bss           0x0080038b        0x0 /usr/lib/gcc/avr/4.3.3/avr5/libgcc.a(_lt_sf.o)
 .bss           0x0080038b        0x0 /usr/lib/gcc/avr/4.3.3/avr5/libgcc.a(_si_to_sf.o)
 .bss           0x0080038b        0x0 /usr/lib/gcc/avr/4.3.3/avr5/libgcc.a(_sf_to_si.o)
 .bss           0x0080038b        0x0 /usr/lib/gcc/avr/4.3.3/avr5/libgcc.a(_thenan_sf.o)
 .bss           0x0080038b        0x0 /usr/lib/gcc/avr/4.3.3/avr5/libgcc.a(_usi_to_sf.o)
 .bss           0x0080038b        0x0 /usr/lib/gcc/avr/4.3.3/avr5/libgcc.a(_prologue.o)
 .bss           0x0080038b        0x0 /usr/lib/gcc/avr/4.3.3/avr5/libgcc.a(_epilogue.o)
 .bss           0x0080038b        0x0 /usr/lib/gcc/avr/4.3.3/avr5/libgcc.a(_clzsi2.o)
 .bss           0x0080038b        0x0 /usr/lib/gcc/avr/4.3.3/avr5/libgcc.a(_pack_sf.o)
 .bss           0x0080038b        0x0 /usr/lib/gcc/avr/4.3.3/avr5/libgcc.a(_unpack_sf.o)
 .bss           0x0080038b        0x0 /usr/lib/gcc/avr/4.3.3/avr5/libgcc.a(_fpcmp_parts_sf.o)
 .bss           0x0080038b        0x0 /usr/lib/gcc/avr/4.3.3/avr5/libgcc.a(_clz.o)
 .bss           0x0080038b        0x0 /usr/lib/gcc/avr/4.3.3/../../../avr/lib/avr5/libc.a(rand.o)
 .bss           0x0080038b        0x0 /usr/lib/gcc/avr/4.3.3/avr5/libgcc.a(_mulsi3.o)
 .bss           0x0080038b        0x0 /usr/lib/gcc/avr/4.3.3/avr5/libgcc.a(_divmodsi4.o)
 .bss           0x0080038b        0x0 /usr/lib/gcc/avr/4.3.3/avr5/libgcc.a(_udivmodsi4.o)
 *(.bss*)
 *(COMMON)
 COMMON         0x0080038b        0x4 ./src/lcd/lcd_nokia_menu.o
                0x0080038b                menu_now_atomic
                0x0080038d                menu_now
                0x0080038f                PROVIDE (__bss_end, .)
                0x00002d9e                __data_load_start = LOADADDR (.data)
                0x0000309e                __data_load_end = (__data_load_start + SIZEOF (.data))

.noinit         0x0080038f        0x0
                0x0080038f                PROVIDE (__noinit_start, .)
 *(.noinit*)
                0x0080038f                PROVIDE (__noinit_end, .)
                0x0080038f                _end = .
                0x0080038f                PROVIDE (__heap_start, .)

.eeprom         0x00810000        0x0
 *(.eeprom*)
                0x00810000                __eeprom_end = .

.fuse
 *(.fuse)
 *(.lfuse)
 *(.hfuse)
 *(.efuse)

.lock
 *(.lock*)

.signature
 *(.signature*)

.stab           0x00000000     0x54e4
 *(.stab)
 .stab          0x00000000      0x6b4 /usr/lib/gcc/avr/4.3.3/../../../avr/lib/avr5/crtm32.o
 .stab          0x000006b4      0xc54 ./src/SnakeGame.o
                                0xc60 (size before relaxing)
 .stab          0x00001308      0xa2c ./src/algorithm.o
                                0xcc0 (size before relaxing)
 .stab          0x00001d34      0x144 ./src/debug.o
                                0x3a8 (size before relaxing)
 .stab          0x00001e78      0x21c ./src/led_driver.o
                                0x3d8 (size before relaxing)
 .stab          0x00002094     0x11ac ./src/main.o
                               0x1494 (size before relaxing)
 .stab          0x00003240      0x3fc ./src/uint8_16_to_string.o
                                0x5b8 (size before relaxing)
 .stab          0x0000363c     0x102c ./src/lcd/lcd_nokia_3310_frm_brunql.o
                               0x12cc (size before relaxing)
 .stab          0x00004668      0xb4c ./src/lcd/lcd_nokia_menu.o
                                0xe28 (size before relaxing)
 .stab          0x000051b4      0x330 /usr/lib/gcc/avr/4.3.3/../../../avr/lib/avr5/libc.a(rand.o)
                                0x33c (size before relaxing)

.stabstr        0x00000000     0x1e59
 *(.stabstr)
 .stabstr       0x00000000     0x1e59 /usr/lib/gcc/avr/4.3.3/../../../avr/lib/avr5/crtm32.o

.stab.excl
 *(.stab.excl)

.stab.exclstr
 *(.stab.exclstr)

.stab.index
 *(.stab.index)

.stab.indexstr
 *(.stab.indexstr)

.comment
 *(.comment)

.debug
 *(.debug)

.line
 *(.line)

.debug_srcinfo
 *(.debug_srcinfo)

.debug_sfnames
 *(.debug_sfnames)

.debug_aranges
 *(.debug_aranges)

.debug_pubnames
 *(.debug_pubnames)

.debug_info
 *(.debug_info)
 *(.gnu.linkonce.wi.*)

.debug_abbrev
 *(.debug_abbrev)

.debug_line
 *(.debug_line)

.debug_frame
 *(.debug_frame)

.debug_str
 *(.debug_str)

.debug_loc
 *(.debug_loc)

.debug_macinfo
 *(.debug_macinfo)
OUTPUT(ColorsCMP_EclipseEdition.elf elf32-avr)
LOAD linker stubs

Cross Reference Table

Symbol                                            File
ADC_64_Times                                      ./src/algorithm.o
ADC_LoadingAndEvalIt                              ./src/algorithm.o
                                                  ./src/main.o
CalibrationAlgorithm                              ./src/algorithm.o
                                                  ./src/main.o
FontLookup                                        ./src/lcd/lcd_nokia_3310_frm_brunql.o
GetValuesFromADC                                  ./src/algorithm.o
HalfByteAsASCII                                   ./src/uint8_16_to_string.o
Lcd3310_AnimationSwitchMenuItems                  ./src/lcd/lcd_nokia_menu.o
                                                  ./src/main.o
Lcd3310_Char                                      ./src/lcd/lcd_nokia_3310_frm_brunql.o
                                                  ./src/lcd/lcd_nokia_menu.o
                                                  ./src/algorithm.o
                                                  ./src/SnakeGame.o
Lcd3310_ClearCenter                               ./src/lcd/lcd_nokia_3310_frm_brunql.o
                                                  ./src/lcd/lcd_nokia_menu.o
                                                  ./src/algorithm.o
                                                  ./src/SnakeGame.o
Lcd3310_GotoXY                                    ./src/lcd/lcd_nokia_3310_frm_brunql.o
                                                  ./src/lcd/lcd_nokia_menu.o
                                                  ./src/algorithm.o
                                                  ./src/SnakeGame.o
Lcd3310_Index                                     ./src/lcd/lcd_nokia_3310_frm_brunql.o
Lcd3310_Init                                      ./src/lcd/lcd_nokia_3310_frm_brunql.o
                                                  ./src/lcd/lcd_nokia_menu.o
Lcd3310_InitFill                                  ./src/lcd/lcd_nokia_3310_frm_brunql.o
Lcd3310_InitializeDisplay                         ./src/lcd/lcd_nokia_menu.o
                                                  ./src/main.o
Lcd3310_Send                                      ./src/lcd/lcd_nokia_3310_frm_brunql.o
                                                  ./src/SnakeGame.o
Lcd3310_String_P                                  ./src/lcd/lcd_nokia_3310_frm_brunql.o
                                                  ./src/lcd/lcd_nokia_menu.o
                                                  ./src/algorithm.o
                                                  ./src/SnakeGame.o
Lcd3310_String_P_anime                            ./src/lcd/lcd_nokia_3310_frm_brunql.o
                                                  ./src/lcd/lcd_nokia_menu.o
Lcd3310_UInt16AsText                              ./src/lcd/lcd_nokia_3310_frm_brunql.o
                                                  ./src/lcd/lcd_nokia_menu.o
Lcd3310_UInt8AsText                               ./src/lcd/lcd_nokia_3310_frm_brunql.o
                                                  ./src/SnakeGame.o
Lcd3310_UpdateDisplayInfo                         ./src/lcd/lcd_nokia_menu.o
                                                  ./src/main.o
LcdImage_Center                                   ./src/lcd/lcd_nokia_3310_frm_brunql.o
LcdImage_Upper                                    ./src/lcd/lcd_nokia_3310_frm_brunql.o
LcdImage_brunql_gmail_com                         ./src/lcd/lcd_nokia_3310_frm_brunql.o
LedDriver_Init                                    ./src/led_driver.o
                                                  ./src/main.o
LedDriver_SwitchLeds                              ./src/led_driver.o
                                                  ./src/lcd/lcd_nokia_menu.o
                                                  ./src/algorithm.o
Menu_EnterClick                                   ./src/lcd/lcd_nokia_menu.o
                                                  ./src/main.o
SaveResultsAlgorithm                              ./src/algorithm.o
                                                  ./src/main.o
SetZeroAlgorithm                                  ./src/algorithm.o
                                                  ./src/main.o
SnakeGame_AddmeUpdateXY                           ./src/SnakeGame.o
                                                  ./src/main.o
SnakeGame_Start                                   ./src/SnakeGame.o
                                                  ./src/main.o
SnakeGame_Stop                                    ./src/SnakeGame.o
                                                  ./src/main.o
SnakeGame_TakeNextStep                            ./src/SnakeGame.o
                                                  ./src/main.o
SnakeGame_TurnLeft                                ./src/SnakeGame.o
                                                  ./src/main.o
SnakeGame_TurnRight                               ./src/SnakeGame.o
                                                  ./src/main.o
StartADC                                          ./src/algorithm.o
UInt16ToString                                    ./src/uint8_16_to_string.o
                                                  ./src/lcd/lcd_nokia_3310_frm_brunql.o
UInt8ToString                                     ./src/uint8_16_to_string.o
                                                  ./src/lcd/lcd_nokia_3310_frm_brunql.o
__addsf3                                          /usr/lib/gcc/avr/4.3.3/avr5/libgcc.a(_addsub_sf.o)
__bad_interrupt                                   /usr/lib/gcc/avr/4.3.3/../../../avr/lib/avr5/crtm32.o
__bss_end                                         /usr/lib/gcc/avr/4.3.3/avr5/libgcc.a(_clear_bss.o)
__bss_start                                       /usr/lib/gcc/avr/4.3.3/avr5/libgcc.a(_clear_bss.o)
__clz_tab                                         /usr/lib/gcc/avr/4.3.3/avr5/libgcc.a(_clz.o)
                                                  /usr/lib/gcc/avr/4.3.3/avr5/libgcc.a(_clzsi2.o)
__clzsi2                                          /usr/lib/gcc/avr/4.3.3/avr5/libgcc.a(_clzsi2.o)
                                                  /usr/lib/gcc/avr/4.3.3/avr5/libgcc.a(_usi_to_sf.o)
                                                  /usr/lib/gcc/avr/4.3.3/avr5/libgcc.a(_si_to_sf.o)
__data_end                                        /usr/lib/gcc/avr/4.3.3/avr5/libgcc.a(_copy_data.o)
__data_load_start                                 /usr/lib/gcc/avr/4.3.3/avr5/libgcc.a(_copy_data.o)
__data_start                                      /usr/lib/gcc/avr/4.3.3/avr5/libgcc.a(_copy_data.o)
__divmodhi4                                       /usr/lib/gcc/avr/4.3.3/avr5/libgcc.a(_divmodhi4.o)
                                                  ./src/SnakeGame.o
__divmodsi4                                       /usr/lib/gcc/avr/4.3.3/avr5/libgcc.a(_divmodsi4.o)
                                                  /usr/lib/gcc/avr/4.3.3/../../../avr/lib/avr5/libc.a(rand.o)
__divsf3                                          /usr/lib/gcc/avr/4.3.3/avr5/libgcc.a(_div_sf.o)
                                                  ./src/algorithm.o
                                                  ./src/SnakeGame.o
__do_clear_bss                                    /usr/lib/gcc/avr/4.3.3/avr5/libgcc.a(_clear_bss.o)
                                                  /usr/lib/gcc/avr/4.3.3/../../../avr/lib/avr5/libc.a(rand.o)
                                                  /usr/lib/gcc/avr/4.3.3/avr5/libgcc.a(_clz.o)
                                                  /usr/lib/gcc/avr/4.3.3/avr5/libgcc.a(_fpcmp_parts_sf.o)
                                                  /usr/lib/gcc/avr/4.3.3/avr5/libgcc.a(_unpack_sf.o)
                                                  /usr/lib/gcc/avr/4.3.3/avr5/libgcc.a(_pack_sf.o)
                                                  /usr/lib/gcc/avr/4.3.3/avr5/libgcc.a(_clzsi2.o)
                                                  /usr/lib/gcc/avr/4.3.3/avr5/libgcc.a(_usi_to_sf.o)
                                                  /usr/lib/gcc/avr/4.3.3/avr5/libgcc.a(_thenan_sf.o)
                                                  /usr/lib/gcc/avr/4.3.3/avr5/libgcc.a(_sf_to_si.o)
                                                  /usr/lib/gcc/avr/4.3.3/avr5/libgcc.a(_si_to_sf.o)
                                                  /usr/lib/gcc/avr/4.3.3/avr5/libgcc.a(_lt_sf.o)
                                                  /usr/lib/gcc/avr/4.3.3/avr5/libgcc.a(_ge_sf.o)
                                                  /usr/lib/gcc/avr/4.3.3/avr5/libgcc.a(_gt_sf.o)
                                                  /usr/lib/gcc/avr/4.3.3/avr5/libgcc.a(_div_sf.o)
                                                  /usr/lib/gcc/avr/4.3.3/avr5/libgcc.a(_mul_sf.o)
                                                  /usr/lib/gcc/avr/4.3.3/avr5/libgcc.a(_addsub_sf.o)
                                                  /usr/lib/gcc/avr/4.3.3/avr5/libgcc.a(_fixunssfsi.o)
                                                  ./src/lcd/lcd_nokia_menu.o
                                                  ./src/lcd/lcd_nokia_3310_frm_brunql.o
                                                  ./src/uint8_16_to_string.o
                                                  ./src/main.o
                                                  ./src/led_driver.o
                                                  ./src/debug.o
                                                  ./src/algorithm.o
                                                  ./src/SnakeGame.o
__do_copy_data                                    /usr/lib/gcc/avr/4.3.3/avr5/libgcc.a(_copy_data.o)
                                                  /usr/lib/gcc/avr/4.3.3/../../../avr/lib/avr5/libc.a(rand.o)
                                                  /usr/lib/gcc/avr/4.3.3/avr5/libgcc.a(_clz.o)
                                                  /usr/lib/gcc/avr/4.3.3/avr5/libgcc.a(_fpcmp_parts_sf.o)
                                                  /usr/lib/gcc/avr/4.3.3/avr5/libgcc.a(_unpack_sf.o)
                                                  /usr/lib/gcc/avr/4.3.3/avr5/libgcc.a(_pack_sf.o)
                                                  /usr/lib/gcc/avr/4.3.3/avr5/libgcc.a(_clzsi2.o)
                                                  /usr/lib/gcc/avr/4.3.3/avr5/libgcc.a(_usi_to_sf.o)
                                                  /usr/lib/gcc/avr/4.3.3/avr5/libgcc.a(_thenan_sf.o)
                                                  /usr/lib/gcc/avr/4.3.3/avr5/libgcc.a(_sf_to_si.o)
                                                  /usr/lib/gcc/avr/4.3.3/avr5/libgcc.a(_si_to_sf.o)
                                                  /usr/lib/gcc/avr/4.3.3/avr5/libgcc.a(_lt_sf.o)
                                                  /usr/lib/gcc/avr/4.3.3/avr5/libgcc.a(_ge_sf.o)
                                                  /usr/lib/gcc/avr/4.3.3/avr5/libgcc.a(_gt_sf.o)
                                                  /usr/lib/gcc/avr/4.3.3/avr5/libgcc.a(_div_sf.o)
                                                  /usr/lib/gcc/avr/4.3.3/avr5/libgcc.a(_mul_sf.o)
                                                  /usr/lib/gcc/avr/4.3.3/avr5/libgcc.a(_addsub_sf.o)
                                                  /usr/lib/gcc/avr/4.3.3/avr5/libgcc.a(_fixunssfsi.o)
                                                  ./src/lcd/lcd_nokia_menu.o
                                                  ./src/lcd/lcd_nokia_3310_frm_brunql.o
                                                  ./src/uint8_16_to_string.o
                                                  ./src/main.o
                                                  ./src/led_driver.o
                                                  ./src/debug.o
                                                  ./src/algorithm.o
                                                  ./src/SnakeGame.o
__epilogue_restores__                             /usr/lib/gcc/avr/4.3.3/avr5/libgcc.a(_epilogue.o)
                                                  /usr/lib/gcc/avr/4.3.3/../../../avr/lib/avr5/libc.a(rand.o)
                                                  /usr/lib/gcc/avr/4.3.3/avr5/libgcc.a(_usi_to_sf.o)
                                                  /usr/lib/gcc/avr/4.3.3/avr5/libgcc.a(_sf_to_si.o)
                                                  /usr/lib/gcc/avr/4.3.3/avr5/libgcc.a(_si_to_sf.o)
                                                  /usr/lib/gcc/avr/4.3.3/avr5/libgcc.a(_lt_sf.o)
                                                  /usr/lib/gcc/avr/4.3.3/avr5/libgcc.a(_ge_sf.o)
                                                  /usr/lib/gcc/avr/4.3.3/avr5/libgcc.a(_gt_sf.o)
                                                  /usr/lib/gcc/avr/4.3.3/avr5/libgcc.a(_div_sf.o)
                                                  /usr/lib/gcc/avr/4.3.3/avr5/libgcc.a(_mul_sf.o)
                                                  /usr/lib/gcc/avr/4.3.3/avr5/libgcc.a(_addsub_sf.o)
__fixsfsi                                         /usr/lib/gcc/avr/4.3.3/avr5/libgcc.a(_sf_to_si.o)
                                                  /usr/lib/gcc/avr/4.3.3/avr5/libgcc.a(_fixunssfsi.o)
                                                  ./src/algorithm.o
__fixunssfsi                                      /usr/lib/gcc/avr/4.3.3/avr5/libgcc.a(_fixunssfsi.o)
                                                  ./src/lcd/lcd_nokia_3310_frm_brunql.o
                                                  ./src/SnakeGame.o
__floatsisf                                       /usr/lib/gcc/avr/4.3.3/avr5/libgcc.a(_si_to_sf.o)
                                                  ./src/SnakeGame.o
__floatunsisf                                     /usr/lib/gcc/avr/4.3.3/avr5/libgcc.a(_usi_to_sf.o)
                                                  ./src/lcd/lcd_nokia_3310_frm_brunql.o
                                                  ./src/algorithm.o
__fpcmp_parts_f                                   /usr/lib/gcc/avr/4.3.3/avr5/libgcc.a(_fpcmp_parts_sf.o)
                                                  /usr/lib/gcc/avr/4.3.3/avr5/libgcc.a(_lt_sf.o)
                                                  /usr/lib/gcc/avr/4.3.3/avr5/libgcc.a(_ge_sf.o)
                                                  /usr/lib/gcc/avr/4.3.3/avr5/libgcc.a(_gt_sf.o)
__gesf2                                           /usr/lib/gcc/avr/4.3.3/avr5/libgcc.a(_ge_sf.o)
                                                  /usr/lib/gcc/avr/4.3.3/avr5/libgcc.a(_fixunssfsi.o)
__gtsf2                                           /usr/lib/gcc/avr/4.3.3/avr5/libgcc.a(_gt_sf.o)
                                                  ./src/lcd/lcd_nokia_3310_frm_brunql.o
__heap_end                                        /usr/lib/gcc/avr/4.3.3/../../../avr/lib/avr5/crtm32.o
__init                                            /usr/lib/gcc/avr/4.3.3/../../../avr/lib/avr5/crtm32.o
__ltsf2                                           /usr/lib/gcc/avr/4.3.3/avr5/libgcc.a(_lt_sf.o)
                                                  ./src/lcd/lcd_nokia_3310_frm_brunql.o
__mulsf3                                          /usr/lib/gcc/avr/4.3.3/avr5/libgcc.a(_mul_sf.o)
                                                  ./src/lcd/lcd_nokia_3310_frm_brunql.o
                                                  ./src/algorithm.o
__mulsi3                                          /usr/lib/gcc/avr/4.3.3/avr5/libgcc.a(_mulsi3.o)
                                                  /usr/lib/gcc/avr/4.3.3/../../../avr/lib/avr5/libc.a(rand.o)
__pack_f                                          /usr/lib/gcc/avr/4.3.3/avr5/libgcc.a(_pack_sf.o)
                                                  /usr/lib/gcc/avr/4.3.3/avr5/libgcc.a(_usi_to_sf.o)
                                                  /usr/lib/gcc/avr/4.3.3/avr5/libgcc.a(_si_to_sf.o)
                                                  /usr/lib/gcc/avr/4.3.3/avr5/libgcc.a(_div_sf.o)
                                                  /usr/lib/gcc/avr/4.3.3/avr5/libgcc.a(_mul_sf.o)
                                                  /usr/lib/gcc/avr/4.3.3/avr5/libgcc.a(_addsub_sf.o)
__prologue_saves__                                /usr/lib/gcc/avr/4.3.3/avr5/libgcc.a(_prologue.o)
                                                  /usr/lib/gcc/avr/4.3.3/../../../avr/lib/avr5/libc.a(rand.o)
                                                  /usr/lib/gcc/avr/4.3.3/avr5/libgcc.a(_usi_to_sf.o)
                                                  /usr/lib/gcc/avr/4.3.3/avr5/libgcc.a(_sf_to_si.o)
                                                  /usr/lib/gcc/avr/4.3.3/avr5/libgcc.a(_si_to_sf.o)
                                                  /usr/lib/gcc/avr/4.3.3/avr5/libgcc.a(_lt_sf.o)
                                                  /usr/lib/gcc/avr/4.3.3/avr5/libgcc.a(_ge_sf.o)
                                                  /usr/lib/gcc/avr/4.3.3/avr5/libgcc.a(_gt_sf.o)
                                                  /usr/lib/gcc/avr/4.3.3/avr5/libgcc.a(_div_sf.o)
                                                  /usr/lib/gcc/avr/4.3.3/avr5/libgcc.a(_mul_sf.o)
                                                  /usr/lib/gcc/avr/4.3.3/avr5/libgcc.a(_addsub_sf.o)
__stack                                           /usr/lib/gcc/avr/4.3.3/../../../avr/lib/avr5/crtm32.o
__subsf3                                          /usr/lib/gcc/avr/4.3.3/avr5/libgcc.a(_addsub_sf.o)
                                                  /usr/lib/gcc/avr/4.3.3/avr5/libgcc.a(_fixunssfsi.o)
__thenan_sf                                       /usr/lib/gcc/avr/4.3.3/avr5/libgcc.a(_thenan_sf.o)
                                                  /usr/lib/gcc/avr/4.3.3/avr5/libgcc.a(_div_sf.o)
                                                  /usr/lib/gcc/avr/4.3.3/avr5/libgcc.a(_mul_sf.o)
                                                  /usr/lib/gcc/avr/4.3.3/avr5/libgcc.a(_addsub_sf.o)
__udivmodhi4                                      /usr/lib/gcc/avr/4.3.3/avr5/libgcc.a(_udivmodhi4.o)
                                                  /usr/lib/gcc/avr/4.3.3/avr5/libgcc.a(_divmodhi4.o)
                                                  ./src/lcd/lcd_nokia_3310_frm_brunql.o
                                                  ./src/algorithm.o
                                                  ./src/SnakeGame.o
__udivmodsi4                                      /usr/lib/gcc/avr/4.3.3/avr5/libgcc.a(_udivmodsi4.o)
                                                  /usr/lib/gcc/avr/4.3.3/avr5/libgcc.a(_divmodsi4.o)
__unpack_f                                        /usr/lib/gcc/avr/4.3.3/avr5/libgcc.a(_unpack_sf.o)
                                                  /usr/lib/gcc/avr/4.3.3/avr5/libgcc.a(_sf_to_si.o)
                                                  /usr/lib/gcc/avr/4.3.3/avr5/libgcc.a(_lt_sf.o)
                                                  /usr/lib/gcc/avr/4.3.3/avr5/libgcc.a(_ge_sf.o)
                                                  /usr/lib/gcc/avr/4.3.3/avr5/libgcc.a(_gt_sf.o)
                                                  /usr/lib/gcc/avr/4.3.3/avr5/libgcc.a(_div_sf.o)
                                                  /usr/lib/gcc/avr/4.3.3/avr5/libgcc.a(_mul_sf.o)
                                                  /usr/lib/gcc/avr/4.3.3/avr5/libgcc.a(_addsub_sf.o)
__vector_1                                        /usr/lib/gcc/avr/4.3.3/../../../avr/lib/avr5/crtm32.o
__vector_10                                       /usr/lib/gcc/avr/4.3.3/../../../avr/lib/avr5/crtm32.o
__vector_11                                       /usr/lib/gcc/avr/4.3.3/../../../avr/lib/avr5/crtm32.o
__vector_12                                       /usr/lib/gcc/avr/4.3.3/../../../avr/lib/avr5/crtm32.o
__vector_13                                       /usr/lib/gcc/avr/4.3.3/../../../avr/lib/avr5/crtm32.o
__vector_14                                       /usr/lib/gcc/avr/4.3.3/../../../avr/lib/avr5/crtm32.o
__vector_15                                       /usr/lib/gcc/avr/4.3.3/../../../avr/lib/avr5/crtm32.o
__vector_16                                       /usr/lib/gcc/avr/4.3.3/../../../avr/lib/avr5/crtm32.o
__vector_17                                       /usr/lib/gcc/avr/4.3.3/../../../avr/lib/avr5/crtm32.o
__vector_18                                       /usr/lib/gcc/avr/4.3.3/../../../avr/lib/avr5/crtm32.o
__vector_19                                       /usr/lib/gcc/avr/4.3.3/../../../avr/lib/avr5/crtm32.o
__vector_2                                        ./src/main.o
                                                  /usr/lib/gcc/avr/4.3.3/../../../avr/lib/avr5/crtm32.o
__vector_20                                       /usr/lib/gcc/avr/4.3.3/../../../avr/lib/avr5/crtm32.o
__vector_3                                        /usr/lib/gcc/avr/4.3.3/../../../avr/lib/avr5/crtm32.o
__vector_4                                        /usr/lib/gcc/avr/4.3.3/../../../avr/lib/avr5/crtm32.o
__vector_5                                        ./src/main.o
                                                  /usr/lib/gcc/avr/4.3.3/../../../avr/lib/avr5/crtm32.o
__vector_6                                        /usr/lib/gcc/avr/4.3.3/../../../avr/lib/avr5/crtm32.o
__vector_7                                        /usr/lib/gcc/avr/4.3.3/../../../avr/lib/avr5/crtm32.o
__vector_8                                        /usr/lib/gcc/avr/4.3.3/../../../avr/lib/avr5/crtm32.o
__vector_9                                        /usr/lib/gcc/avr/4.3.3/../../../avr/lib/avr5/crtm32.o
__vector_default                                  /usr/lib/gcc/avr/4.3.3/../../../avr/lib/avr5/crtm32.o
__vectors                                         /usr/lib/gcc/avr/4.3.3/../../../avr/lib/avr5/crtm32.o
_div                                              /usr/lib/gcc/avr/4.3.3/avr5/libgcc.a(_divmodhi4.o)
_exit                                             /usr/lib/gcc/avr/4.3.3/avr5/libgcc.a(_exit.o)
adc_data                                          ./src/main.o
                                                  ./src/algorithm.o
adc_res_first                                     ./src/algorithm.o
adc_res_second                                    ./src/algorithm.o
addme_x                                           ./src/SnakeGame.o
addme_y                                           ./src/SnakeGame.o
atomic_flags                                      ./src/main.o
atomic_temp                                       ./src/main.o
back_setup                                        ./src/lcd/lcd_nokia_menu.o
brunql_str                                        ./src/SnakeGame.o
calibration                                       ./src/lcd/lcd_nokia_menu.o
callibrate                                        ./src/lcd/lcd_nokia_menu.o
coefs                                             ./src/algorithm.o
exit                                              /usr/lib/gcc/avr/4.3.3/avr5/libgcc.a(_exit.o)
                                                  /usr/lib/gcc/avr/4.3.3/../../../avr/lib/avr5/crtm32.o
flags                                             ./src/main.o
                                                  ./src/lcd/lcd_nokia_menu.o
                                                  ./src/SnakeGame.o
get_present_speed                                 ./src/SnakeGame.o
                                                  ./src/main.o
go                                                ./src/lcd/lcd_nokia_menu.o
go_work_str                                       ./src/SnakeGame.o
got_fun_str                                       ./src/SnakeGame.o
hex2dec_result                                    ./src/algorithm.o
init_menu_now                                     ./src/lcd/lcd_nokia_menu.o
lcd_first_str                                     ./src/lcd/lcd_nokia_menu.o
led_show_codes                                    ./src/algorithm.o
level_str                                         ./src/SnakeGame.o
main                                              ./src/main.o
                                                  /usr/lib/gcc/avr/4.3.3/../../../avr/lib/avr5/crtm32.o
max_diff                                          ./src/algorithm.o
menu_before_now                                   ./src/lcd/lcd_nokia_menu.o
menu_now                                          ./src/lcd/lcd_nokia_menu.o
                                                  ./src/main.o
menu_now_atomic                                   ./src/lcd/lcd_nokia_menu.o
pstr_complete                                     ./src/algorithm.o
pstr_please_wait                                  ./src/algorithm.o
rand                                              /usr/lib/gcc/avr/4.3.3/../../../avr/lib/avr5/libc.a(rand.o)
                                                  ./src/SnakeGame.o
rand_r                                            /usr/lib/gcc/avr/4.3.3/../../../avr/lib/avr5/libc.a(rand.o)
readme                                            ./src/lcd/lcd_nokia_menu.o
result                                            ./src/algorithm.o
                                                  ./src/lcd/lcd_nokia_menu.o
results                                           ./src/lcd/lcd_nokia_menu.o
                                                  ./src/main.o
score                                             ./src/SnakeGame.o
score_str                                         ./src/SnakeGame.o
set_zero                                          ./src/lcd/lcd_nokia_menu.o
setup                                             ./src/lcd/lcd_nokia_menu.o
snake                                             ./src/SnakeGame.o
snake_add_index                                   ./src/SnakeGame.o
snake_results                                     ./src/lcd/lcd_nokia_menu.o
                                                  ./src/main.o
snake_start                                       ./src/lcd/lcd_nokia_menu.o
snake_str                                         ./src/SnakeGame.o
snakegame_DirectionStep                           ./src/SnakeGame.o
snakegame_InitSnake                               ./src/SnakeGame.o
snakegame_UpdateDisplay                           ./src/SnakeGame.o
srand                                             /usr/lib/gcc/avr/4.3.3/../../../avr/lib/avr5/libc.a(rand.o)
step_speed                                        ./src/SnakeGame.o
                                                  ./src/main.o
text                                              ./src/lcd/lcd_nokia_menu.o
timer_delay                                       ./src/main.o
                                                  ./src/SnakeGame.o
timer_ticks_to_get_present                        ./src/main.o
                                                  ./src/SnakeGame.o
to_string_result                                  ./src/uint8_16_to_string.o
                                                  ./src/lcd/lcd_nokia_3310_frm_brunql.o
uwin_str                                          ./src/SnakeGame.o
uwin_times                                        ./src/SnakeGame.o
